<?xml version="1.0" encoding="ISO-8859-1" ?>
<link_info>
   <banner>TI ARM Linker PC v18.1.2.LTS</banner>
   <copyright>Copyright (c) 1996-2017 Texas Instruments Incorporated</copyright>
   <link_time>0x5d38ace2</link_time>
   <link_errors>0x0</link_errors>
   <output_file>JetOS.out</output_file>
   <entry_point>
      <name>_c_int00</name>
      <address>0xf3a4</address>
   </entry_point>
   <input_file_list>
      <input_file id="fl-2">
         <path>.\kernel\</path>
         <kind>object</kind>
         <file>kernel.a</file>
         <name>kernel.a</name>
      </input_file>
      <input_file id="fl-3">
         <path>.\boards\</path>
         <kind>object</kind>
         <file>boards.a</file>
         <name>boards.a</name>
      </input_file>
      <input_file id="fl-5">
         <path>config\\build\</path>
         <kind>object</kind>
         <file>last.obj</file>
         <name>last.obj</name>
      </input_file>
      <input_file id="fl-6">
         <path>config\\build\</path>
         <kind>object</kind>
         <file>sizes.obj</file>
         <name>sizes.obj</name>
      </input_file>
      <input_file id="fl-7">
         <path>config\\build\</path>
         <kind>object</kind>
         <file>deployment.obj</file>
         <name>deployment.obj</name>
      </input_file>
      <input_file id="fl-a">
         <kind>object</kind>
         <file>&lt;internal&gt;</file>
         <name>&lt;internal&gt;</name>
      </input_file>
      <input_file id="fl-c0">
         <path>C:\ti\ccsv8\tools\compiler\ti-cgt-arm_18.1.2.LTS\lib\</path>
         <kind>archive</kind>
         <file>rtsv7R4_A_be_v3D16_eabi.lib</file>
         <name>ll_div32.asm.obj</name>
      </input_file>
      <input_file id="fl-c1">
         <path>C:\ti\ccsv8\tools\compiler\ti-cgt-arm_18.1.2.LTS\lib\</path>
         <kind>archive</kind>
         <file>rtsv7R4_A_be_v3D16_eabi.lib</file>
         <name>ull_div32.asm.obj</name>
      </input_file>
      <input_file id="fl-c2">
         <path>C:\ti\ccsv8\tools\compiler\ti-cgt-arm_18.1.2.LTS\lib\</path>
         <kind>archive</kind>
         <file>rtsv7R4_A_be_v3D16_eabi.lib</file>
         <name>i_div32.asm.obj</name>
      </input_file>
      <input_file id="fl-c3">
         <path>C:\ti\ccsv8\tools\compiler\ti-cgt-arm_18.1.2.LTS\lib\</path>
         <kind>archive</kind>
         <file>rtsv7R4_A_be_v3D16_eabi.lib</file>
         <name>autoinit.c.obj</name>
      </input_file>
      <input_file id="fl-c4">
         <path>C:\ti\ccsv8\tools\compiler\ti-cgt-arm_18.1.2.LTS\lib\</path>
         <kind>archive</kind>
         <file>rtsv7R4_A_be_v3D16_eabi.lib</file>
         <name>cpy_tbl.c.obj</name>
      </input_file>
      <input_file id="fl-c5">
         <path>C:\ti\ccsv8\tools\compiler\ti-cgt-arm_18.1.2.LTS\lib\</path>
         <kind>archive</kind>
         <file>rtsv7R4_A_be_v3D16_eabi.lib</file>
         <name>copy_zero_init.c.obj</name>
      </input_file>
      <input_file id="fl-c6">
         <path>C:\ti\ccsv8\tools\compiler\ti-cgt-arm_18.1.2.LTS\lib\</path>
         <kind>archive</kind>
         <file>rtsv7R4_A_be_v3D16_eabi.lib</file>
         <name>copy_decompress_none.c.obj</name>
      </input_file>
      <input_file id="fl-c7">
         <path>C:\ti\ccsv8\tools\compiler\ti-cgt-arm_18.1.2.LTS\lib\</path>
         <kind>archive</kind>
         <file>rtsv7R4_A_be_v3D16_eabi.lib</file>
         <name>copy_decompress_lzss.c.obj</name>
      </input_file>
      <input_file id="fl-c8">
         <path>C:\ti\ccsv8\tools\compiler\ti-cgt-arm_18.1.2.LTS\lib\</path>
         <kind>archive</kind>
         <file>rtsv7R4_A_be_v3D16_eabi.lib</file>
         <name>div0.asm.obj</name>
      </input_file>
   </input_file_list>
   <object_component_list>
      <object_component id="oc-21">
         <name>.intvecs:interrupt.obj</name>
         <load_address>0x0</load_address>
         <run_address>0x0</run_address>
         <size>0x20</size>
         <input_file_ref idref="fl-2"/>
      </object_component>
      <object_component id="oc-29a">
         <name>.text:build/core/thread.obj</name>
         <load_address>0x20</load_address>
         <run_address>0x20</run_address>
         <size>0x22a8</size>
         <input_file_ref idref="fl-2"/>
      </object_component>
      <object_component id="oc-123">
         <name>.text:port.obj</name>
         <load_address>0x22c8</load_address>
         <run_address>0x22c8</run_address>
         <size>0x1528</size>
         <input_file_ref idref="fl-2"/>
      </object_component>
      <object_component id="oc-2ab">
         <name>.text:error_arinc.obj</name>
         <load_address>0x37f0</load_address>
         <run_address>0x37f0</run_address>
         <size>0xfc4</size>
         <input_file_ref idref="fl-2"/>
      </object_component>
      <object_component id="oc-9c">
         <name>.text:monitor.obj</name>
         <load_address>0x47b4</load_address>
         <run_address>0x47b4</run_address>
         <size>0xf4c</size>
         <input_file_ref idref="fl-2"/>
      </object_component>
      <object_component id="oc-135">
         <name>.text:thread_internal.obj</name>
         <load_address>0x5700</load_address>
         <run_address>0x5700</run_address>
         <size>0xde8</size>
         <input_file_ref idref="fl-2"/>
      </object_component>
      <object_component id="oc-13b">
         <name>.text:sched_arinc.obj</name>
         <load_address>0x64e8</load_address>
         <run_address>0x64e8</run_address>
         <size>0xd58</size>
         <input_file_ref idref="fl-2"/>
      </object_component>
      <object_component id="oc-a2">
         <name>.text:sched.obj</name>
         <load_address>0x7240</load_address>
         <run_address>0x7240</run_address>
         <size>0xd14</size>
         <input_file_ref idref="fl-2"/>
      </object_component>
      <object_component id="oc-96">
         <name>.text:partition_arinc.obj</name>
         <load_address>0x7f54</load_address>
         <run_address>0x7f54</run_address>
         <size>0xc4c</size>
         <input_file_ref idref="fl-2"/>
      </object_component>
      <object_component id="oc-f7">
         <name>.text:printf.obj</name>
         <load_address>0x8ba0</load_address>
         <run_address>0x8ba0</run_address>
         <size>0xb6c</size>
         <input_file_ref idref="fl-2"/>
      </object_component>
      <object_component id="oc-a8">
         <name>.text:channel.obj</name>
         <load_address>0x970c</load_address>
         <run_address>0x970c</run_address>
         <size>0xb3c</size>
         <input_file_ref idref="fl-2"/>
      </object_component>
      <object_component id="oc-1d2">
         <name>.text:build/core/syscall.obj</name>
         <load_address>0xa248</load_address>
         <run_address>0xa248</run_address>
         <size>0xafc</size>
         <input_file_ref idref="fl-2"/>
      </object_component>
      <object_component id="oc-17c">
         <name>.text:readline.obj</name>
         <load_address>0xad44</load_address>
         <run_address>0xad44</run_address>
         <size>0x9c4</size>
         <input_file_ref idref="fl-2"/>
      </object_component>
      <object_component id="oc-8a">
         <name>.text:space.obj</name>
         <load_address>0xb708</load_address>
         <run_address>0xb708</run_address>
         <size>0x800</size>
         <input_file_ref idref="fl-2"/>
      </object_component>
      <object_component id="oc-11d">
         <name>.text:loader.obj</name>
         <load_address>0xbf08</load_address>
         <run_address>0xbf08</run_address>
         <size>0x690</size>
         <input_file_ref idref="fl-2"/>
      </object_component>
      <object_component id="oc-84">
         <name>.text:bsp.obj</name>
         <load_address>0xc598</load_address>
         <run_address>0xc598</run_address>
         <size>0x528</size>
         <input_file_ref idref="fl-3"/>
      </object_component>
      <object_component id="oc-ae">
         <name>.text:cons.obj</name>
         <load_address>0xcac0</load_address>
         <run_address>0xcac0</run_address>
         <size>0x490</size>
         <input_file_ref idref="fl-2"/>
      </object_component>
      <object_component id="oc-df">
         <name>.text:rti.obj</name>
         <load_address>0xcf50</load_address>
         <run_address>0xcf50</run_address>
         <size>0x46c</size>
         <input_file_ref idref="fl-3"/>
      </object_component>
      <object_component id="oc-d9">
         <name>.text:vim.obj</name>
         <load_address>0xd3bc</load_address>
         <run_address>0xd3bc</run_address>
         <size>0x42c</size>
         <input_file_ref idref="fl-3"/>
      </object_component>
      <object_component id="oc-289">
         <name>.text:error.obj</name>
         <load_address>0xd7e8</load_address>
         <run_address>0xd7e8</run_address>
         <size>0x414</size>
         <input_file_ref idref="fl-2"/>
      </object_component>
      <object_component id="oc-141">
         <name>.text:partition.obj</name>
         <load_address>0xdbfc</load_address>
         <run_address>0xdbfc</run_address>
         <size>0x36c</size>
         <input_file_ref idref="fl-2"/>
      </object_component>
      <object_component id="oc-2bc">
         <name>.text:build/arch/armv7/uaccess.obj</name>
         <load_address>0xdf68</load_address>
         <run_address>0xdf68</run_address>
         <size>0x2c4</size>
         <input_file_ref idref="fl-2"/>
      </object_component>
      <object_component id="oc-251">
         <name>.text</name>
         <load_address>0xe22c</load_address>
         <run_address>0xe22c</run_address>
         <size>0x2b8</size>
         <input_file_ref idref="fl-c1"/>
      </object_component>
      <object_component id="oc-129">
         <name>.text:delayed_event.obj</name>
         <load_address>0xe4e4</load_address>
         <run_address>0xe4e4</run_address>
         <size>0x29c</size>
         <input_file_ref idref="fl-2"/>
      </object_component>
      <object_component id="oc-e5">
         <name>.text:debug.obj</name>
         <load_address>0xe780</load_address>
         <run_address>0xe780</run_address>
         <size>0x254</size>
         <input_file_ref idref="fl-2"/>
      </object_component>
      <object_component id="oc-294">
         <name>.text:strncasecmp.obj</name>
         <load_address>0xe9d4</load_address>
         <run_address>0xe9d4</run_address>
         <size>0x220</size>
         <input_file_ref idref="fl-2"/>
      </object_component>
      <object_component id="oc-7f">
         <name>.text:fpu.obj</name>
         <load_address>0xebf4</load_address>
         <run_address>0xebf4</run_address>
         <size>0x1e4</size>
         <input_file_ref idref="fl-2"/>
      </object_component>
      <object_component id="oc-d2">
         <name>.text:serial.obj</name>
         <load_address>0xedd8</load_address>
         <run_address>0xedd8</run_address>
         <size>0x1a4</size>
         <input_file_ref idref="fl-3"/>
      </object_component>
      <object_component id="oc-16b">
         <name>.text:strcmp.obj</name>
         <load_address>0xef7c</load_address>
         <run_address>0xef7c</run_address>
         <size>0x17c</size>
         <input_file_ref idref="fl-2"/>
      </object_component>
      <object_component id="oc-3aa">
         <name>.text:memblocks.obj</name>
         <load_address>0xf0f8</load_address>
         <run_address>0xf0f8</run_address>
         <size>0x168</size>
         <input_file_ref idref="fl-2"/>
      </object_component>
      <object_component id="oc-117">
         <name>.text:build/arch/armv7/alloc.obj</name>
         <load_address>0xf260</load_address>
         <run_address>0xf260</run_address>
         <size>0x144</size>
         <input_file_ref idref="fl-2"/>
      </object_component>
      <object_component id="oc-1b">
         <name>.text:entry.obj</name>
         <load_address>0xf3a4</load_address>
         <run_address>0xf3a4</run_address>
         <size>0x118</size>
         <input_file_ref idref="fl-2"/>
      </object_component>
      <object_component id="oc-338">
         <name>.text:console.obj</name>
         <load_address>0xf4bc</load_address>
         <run_address>0xf4bc</run_address>
         <size>0x110</size>
         <input_file_ref idref="fl-2"/>
      </object_component>
      <object_component id="oc-12f">
         <name>.text:strlen.obj</name>
         <load_address>0xf5cc</load_address>
         <run_address>0xf5cc</run_address>
         <size>0x100</size>
         <input_file_ref idref="fl-2"/>
      </object_component>
      <object_component id="oc-147">
         <name>.text:build/core/uaccess.obj</name>
         <load_address>0xf6cc</load_address>
         <run_address>0xf6cc</run_address>
         <size>0xf4</size>
         <input_file_ref idref="fl-2"/>
      </object_component>
      <object_component id="oc-226">
         <name>.text:time.obj</name>
         <load_address>0xf7c0</load_address>
         <run_address>0xf7c0</run_address>
         <size>0xc0</size>
         <input_file_ref idref="fl-2"/>
      </object_component>
      <object_component id="oc-112">
         <name>.text:cswitch.obj</name>
         <load_address>0xf880</load_address>
         <run_address>0xf880</run_address>
         <size>0xa4</size>
         <input_file_ref idref="fl-2"/>
      </object_component>
      <object_component id="oc-221">
         <name>.text</name>
         <load_address>0xf924</load_address>
         <run_address>0xf924</run_address>
         <size>0x98</size>
         <input_file_ref idref="fl-c0"/>
      </object_component>
      <object_component id="oc-e">
         <name>.text:decompress:lzss:__TI_decompress_lzss</name>
         <load_address>0xf9bc</load_address>
         <run_address>0xf9bc</run_address>
         <size>0x90</size>
         <input_file_ref idref="fl-c7"/>
      </object_component>
      <object_component id="oc-458">
         <name>.text:cons.obj</name>
         <load_address>0xfa4c</load_address>
         <run_address>0xfa4c</run_address>
         <size>0x70</size>
         <input_file_ref idref="fl-3"/>
      </object_component>
      <object_component id="oc-31">
         <name>.text:memcpy.obj</name>
         <load_address>0xfabc</load_address>
         <run_address>0xfabc</run_address>
         <size>0x6c</size>
         <input_file_ref idref="fl-2"/>
      </object_component>
      <object_component id="oc-f2">
         <name>.text:mpu.obj</name>
         <load_address>0xfb28</load_address>
         <run_address>0xfb28</run_address>
         <size>0x6c</size>
         <input_file_ref idref="fl-2"/>
      </object_component>
      <object_component id="oc-1e8">
         <name>.text:__TI_auto_init_nobinit_nopinit:__TI_auto_init_nobinit_nopinit</name>
         <load_address>0xfb94</load_address>
         <run_address>0xfb94</run_address>
         <size>0x68</size>
         <input_file_ref idref="fl-c3"/>
      </object_component>
      <object_component id="oc-4a">
         <name>.text:arch.obj</name>
         <load_address>0xfbfc</load_address>
         <run_address>0xfbfc</run_address>
         <size>0x64</size>
         <input_file_ref idref="fl-2"/>
      </object_component>
      <object_component id="oc-78">
         <name>.text:memset.obj</name>
         <load_address>0xfc60</load_address>
         <run_address>0xfc60</run_address>
         <size>0x60</size>
         <input_file_ref idref="fl-2"/>
      </object_component>
      <object_component id="oc-198">
         <name>.text:build/arch/armv7/thread.obj</name>
         <load_address>0xfcc0</load_address>
         <run_address>0xfcc0</run_address>
         <size>0x58</size>
         <input_file_ref idref="fl-2"/>
      </object_component>
      <object_component id="oc-50">
         <name>.text:boot.obj</name>
         <load_address>0xfd18</load_address>
         <run_address>0xfd18</run_address>
         <size>0x54</size>
         <input_file_ref idref="fl-2"/>
      </object_component>
      <object_component id="oc-57">
         <name>.text:interrupt.obj</name>
         <load_address>0xfd6c</load_address>
         <run_address>0xfd6c</run_address>
         <size>0x54</size>
         <input_file_ref idref="fl-2"/>
      </object_component>
      <object_component id="oc-171">
         <name>.text</name>
         <load_address>0xfdc0</load_address>
         <run_address>0xfdc0</run_address>
         <size>0x54</size>
         <input_file_ref idref="fl-c2"/>
      </object_component>
      <object_component id="oc-176">
         <name>.text:strchr.obj</name>
         <load_address>0xfe14</load_address>
         <run_address>0xfe14</run_address>
         <size>0x54</size>
         <input_file_ref idref="fl-2"/>
      </object_component>
      <object_component id="oc-b8">
         <name>.text:build/arch/armv7/syscall.obj</name>
         <load_address>0xfe68</load_address>
         <run_address>0xfe68</run_address>
         <size>0x50</size>
         <input_file_ref idref="fl-2"/>
      </object_component>
      <object_component id="oc-44e">
         <name>.text:partition_idle.obj</name>
         <load_address>0xfeb8</load_address>
         <run_address>0xfeb8</run_address>
         <size>0x44</size>
         <input_file_ref idref="fl-2"/>
      </object_component>
      <object_component id="oc-14">
         <name>.text:decompress:none:__TI_decompress_none</name>
         <load_address>0xfefc</load_address>
         <run_address>0xfefc</run_address>
         <size>0x14</size>
         <input_file_ref idref="fl-c6"/>
      </object_component>
      <object_component id="oc-44">
         <name>.text:decompress:ZI:__TI_zero_init</name>
         <load_address>0xff10</load_address>
         <run_address>0xff10</run_address>
         <size>0x10</size>
         <input_file_ref idref="fl-c5"/>
      </object_component>
      <object_component id="oc-238">
         <name>.text</name>
         <load_address>0xff20</load_address>
         <run_address>0xff20</run_address>
         <size>0xc</size>
         <input_file_ref idref="fl-5"/>
      </object_component>
      <object_component id="oc-330">
         <name>.text</name>
         <load_address>0xff2c</load_address>
         <run_address>0xff2c</run_address>
         <size>0x4</size>
         <input_file_ref idref="fl-c8"/>
      </object_component>
      <object_component id="oc-218">
         <name>.const:vim_table:vim.obj</name>
         <load_address>0xff40</load_address>
         <run_address>0xff40</run_address>
         <size>0x200</size>
         <input_file_ref idref="fl-3"/>
      </object_component>
      <object_component id="oc-347">
         <name>.const:.string:monitor.obj</name>
         <load_address>0x10140</load_address>
         <run_address>0x10140</run_address>
         <size>0x150</size>
         <input_file_ref idref="fl-2"/>
      </object_component>
      <object_component id="oc-2ce">
         <name>.const:.string</name>
         <load_address>0x10290</load_address>
         <run_address>0x10290</run_address>
         <size>0xb4</size>
         <input_file_ref idref="fl-7"/>
      </object_component>
      <object_component id="oc-2e1">
         <name>.const:partition_thread_error_info_0</name>
         <load_address>0x10344</load_address>
         <run_address>0x10344</run_address>
         <size>0x80</size>
         <input_file_ref idref="fl-7"/>
      </object_component>
      <object_component id="oc-2f3">
         <name>.const:partition_thread_error_info_1</name>
         <load_address>0x103c4</load_address>
         <run_address>0x103c4</run_address>
         <size>0x80</size>
         <input_file_ref idref="fl-7"/>
      </object_component>
      <object_component id="oc-2e4">
         <name>.const:partition_hm_table_0</name>
         <load_address>0x10444</load_address>
         <run_address>0x10444</run_address>
         <size>0x70</size>
         <input_file_ref idref="fl-7"/>
      </object_component>
      <object_component id="oc-2f6">
         <name>.const:partition_hm_table_1</name>
         <load_address>0x104b4</load_address>
         <run_address>0x104b4</run_address>
         <size>0x70</size>
         <input_file_ref idref="fl-7"/>
      </object_component>
      <object_component id="oc-156">
         <name>.const:arinc_sched_ops:partition_arinc.obj</name>
         <load_address>0x10524</load_address>
         <run_address>0x10524</run_address>
         <size>0x4</size>
         <input_file_ref idref="fl-2"/>
      </object_component>
      <object_component id="oc-1ad">
         <name>.const:pok_module_sched</name>
         <load_address>0x10528</load_address>
         <run_address>0x10528</run_address>
         <size>0x40</size>
         <input_file_ref idref="fl-7"/>
      </object_component>
      <object_component id="oc-257">
         <name>.const:.string:digits:printf.obj</name>
         <load_address>0x10568</load_address>
         <run_address>0x10568</run_address>
         <size>0x11</size>
         <input_file_ref idref="fl-2"/>
      </object_component>
      <object_component id="oc-497">
         <name>.const:.string:error_arinc.obj</name>
         <load_address>0x1057c</load_address>
         <run_address>0x1057c</run_address>
         <size>0x10</size>
         <input_file_ref idref="fl-2"/>
      </object_component>
      <object_component id="oc-18b">
         <name>.const:partition_sched_ops_kernel:partition.obj</name>
         <load_address>0x1058c</load_address>
         <run_address>0x1058c</run_address>
         <size>0x4</size>
         <input_file_ref idref="fl-2"/>
      </object_component>
      <object_component id="oc-159">
         <name>.const</name>
         <load_address>0x10590</load_address>
         <run_address>0x10590</run_address>
         <size>0x10</size>
         <input_file_ref idref="fl-7"/>
      </object_component>
      <object_component id="oc-2de">
         <name>.const:partition_hm_selector_0</name>
         <load_address>0x105a0</load_address>
         <run_address>0x105a0</run_address>
         <size>0x10</size>
         <input_file_ref idref="fl-7"/>
      </object_component>
      <object_component id="oc-2f0">
         <name>.const:partition_hm_selector_1</name>
         <load_address>0x105b0</load_address>
         <run_address>0x105b0</run_address>
         <size>0x10</size>
         <input_file_ref idref="fl-7"/>
      </object_component>
      <object_component id="oc-38f">
         <name>.const:.string:partition_idle.obj</name>
         <load_address>0x105c0</load_address>
         <run_address>0x105c0</run_address>
         <size>0x8</size>
         <input_file_ref idref="fl-2"/>
      </object_component>
      <object_component id="oc-153">
         <name>.const:arinc_ops:partition_arinc.obj</name>
         <load_address>0x105c8</load_address>
         <run_address>0x105c8</run_address>
         <size>0x8</size>
         <input_file_ref idref="fl-2"/>
      </object_component>
      <object_component id="oc-18e">
         <name>.const:monitor_operations:monitor.obj</name>
         <load_address>0x105d0</load_address>
         <run_address>0x105d0</run_address>
         <size>0x8</size>
         <input_file_ref idref="fl-2"/>
      </object_component>
      <object_component id="oc-38c">
         <name>.const:partition_idle_operations:partition_idle.obj</name>
         <load_address>0x105d8</load_address>
         <run_address>0x105d8</run_address>
         <size>0x8</size>
         <input_file_ref idref="fl-2"/>
      </object_component>
      <object_component id="oc-103">
         <name>.data:space.obj</name>
         <load_address>0x8017b5f</load_address>
         <run_address>0x8017b5f</run_address>
         <size>0x1</size>
         <input_file_ref idref="fl-2"/>
      </object_component>
      <object_component id="oc-284">
         <name>.data:build/arch/armv7/alloc.obj</name>
         <load_address>0x8017c20</load_address>
         <run_address>0x8017c20</run_address>
         <size>0x4</size>
         <input_file_ref idref="fl-2"/>
      </object_component>
      <object_component id="oc-b4">
         <name>.data:error.obj</name>
         <load_address>0x8017b5e</load_address>
         <run_address>0x8017b5e</run_address>
         <size>0x1</size>
         <input_file_ref idref="fl-2"/>
      </object_component>
      <object_component id="oc-2cf">
         <name>.data:pok_hm_multi_partition_selector_default:error.obj</name>
         <load_address>0x8017bb0</load_address>
         <run_address>0x8017bb0</run_address>
         <size>0x10</size>
         <input_file_ref idref="fl-2"/>
      </object_component>
      <object_component id="oc-2d2">
         <name>.data:pok_hm_multi_partition_table_default:error.obj</name>
         <load_address>0x8017a90</load_address>
         <run_address>0x8017a90</run_address>
         <size>0x70</size>
         <input_file_ref idref="fl-2"/>
      </object_component>
      <object_component id="oc-1b0">
         <name>.data:partition_idle:partition_idle.obj</name>
         <load_address>0x8017940</load_address>
         <run_address>0x8017940</run_address>
         <size>0x70</size>
         <input_file_ref idref="fl-2"/>
      </object_component>
      <object_component id="oc-14d">
         <name>.data:sched.obj</name>
         <load_address>0x8017bfc</load_address>
         <run_address>0x8017bfc</run_address>
         <size>0xc</size>
         <input_file_ref idref="fl-2"/>
      </object_component>
      <object_component id="oc-406">
         <name>.data:error_arinc.obj</name>
         <load_address>0x8017c24</load_address>
         <run_address>0x8017c24</run_address>
         <size>0x4</size>
         <input_file_ref idref="fl-2"/>
      </object_component>
      <object_component id="oc-150">
         <name>.data:main_thread_name:partition_arinc.obj</name>
         <load_address>0x8017b40</load_address>
         <run_address>0x8017b40</run_address>
         <size>0x1e</size>
         <input_file_ref idref="fl-2"/>
      </object_component>
      <object_component id="oc-1c6">
         <name>.data:jet_stream_null:cons.obj</name>
         <load_address>0x8017be4</load_address>
         <run_address>0x8017be4</run_address>
         <size>0xc</size>
         <input_file_ref idref="fl-2"/>
      </object_component>
      <object_component id="oc-1cc">
         <name>.data:cons.obj</name>
         <load_address>0x8017c08</load_address>
         <run_address>0x8017c08</run_address>
         <size>0x8</size>
         <input_file_ref idref="fl-2"/>
      </object_component>
      <object_component id="oc-341">
         <name>.data:readline.obj</name>
         <load_address>0x8017bf0</load_address>
         <run_address>0x8017bf0</run_address>
         <size>0xc</size>
         <input_file_ref idref="fl-2"/>
      </object_component>
      <object_component id="oc-182">
         <name>.data:monitor.obj</name>
         <load_address>0x8017c10</load_address>
         <run_address>0x8017c10</run_address>
         <size>0x8</size>
         <input_file_ref idref="fl-2"/>
      </object_component>
      <object_component id="oc-185">
         <name>.data:commands:monitor.obj</name>
         <load_address>0x80178b0</load_address>
         <run_address>0x80178b0</run_address>
         <size>0x90</size>
         <input_file_ref idref="fl-2"/>
      </object_component>
      <object_component id="oc-22f">
         <name>.data:rti.obj</name>
         <load_address>0x8017c28</load_address>
         <run_address>0x8017c28</run_address>
         <size>0x4</size>
         <input_file_ref idref="fl-3"/>
      </object_component>
      <object_component id="oc-39f">
         <name>.data:arm_stream_main:cons.obj</name>
         <load_address>0x8017bcc</load_address>
         <run_address>0x8017bcc</run_address>
         <size>0xc</size>
         <input_file_ref idref="fl-3"/>
      </object_component>
      <object_component id="oc-3a2">
         <name>.data:arm_stream_debug:cons.obj</name>
         <load_address>0x8017bc0</load_address>
         <run_address>0x8017bc0</run_address>
         <size>0xc</size>
         <input_file_ref idref="fl-3"/>
      </object_component>
      <object_component id="oc-1c9">
         <name>.data:cons.obj</name>
         <load_address>0x8017b90</load_address>
         <run_address>0x8017b90</run_address>
         <size>0x10</size>
         <input_file_ref idref="fl-3"/>
      </object_component>
      <object_component id="oc-28f">
         <name>.data:pok_elf_sizes</name>
         <load_address>0x8017c18</load_address>
         <run_address>0x8017c18</run_address>
         <size>0x8</size>
         <input_file_ref idref="fl-6"/>
      </object_component>
      <object_component id="oc-3e0">
         <name>.data:pok_hm_module_selector</name>
         <load_address>0x8017ba0</load_address>
         <run_address>0x8017ba0</run_address>
         <size>0x10</size>
         <input_file_ref idref="fl-7"/>
      </object_component>
      <object_component id="oc-3e3">
         <name>.data:pok_hm_module_table</name>
         <load_address>0x8017a20</load_address>
         <run_address>0x8017a20</run_address>
         <size>0x70</size>
         <input_file_ref idref="fl-7"/>
      </object_component>
      <object_component id="oc-1b9">
         <name>.data:pok_channels_queuing</name>
         <load_address>0x8017b00</load_address>
         <run_address>0x8017b00</run_address>
         <size>0x40</size>
         <input_file_ref idref="fl-7"/>
      </object_component>
      <object_component id="oc-fd">
         <name>.data</name>
         <load_address>0x8017bd8</load_address>
         <run_address>0x8017bd8</run_address>
         <size>0xc</size>
         <input_file_ref idref="fl-7"/>
      </object_component>
      <object_component id="oc-2d8">
         <name>.data:partition_ports_queuing_0</name>
         <load_address>0x8017b60</load_address>
         <run_address>0x8017b60</run_address>
         <size>0x18</size>
         <input_file_ref idref="fl-7"/>
      </object_component>
      <object_component id="oc-2ea">
         <name>.data:partition_ports_queuing_1</name>
         <load_address>0x8017b78</load_address>
         <run_address>0x8017b78</run_address>
         <size>0x18</size>
         <input_file_ref idref="fl-7"/>
      </object_component>
      <object_component id="oc-15c">
         <name>.data:pok_partitions_arinc</name>
         <load_address>0x80175c0</load_address>
         <run_address>0x80175c0</run_address>
         <size>0x1f0</size>
         <input_file_ref idref="fl-7"/>
      </object_component>
      <object_component id="oc-188">
         <name>.data:partition_monitor</name>
         <load_address>0x80179b0</load_address>
         <run_address>0x80179b0</run_address>
         <size>0x70</size>
         <input_file_ref idref="fl-7"/>
      </object_component>
      <object_component id="oc-100">
         <name>.data:ja_spaces</name>
         <load_address>0x80177b0</load_address>
         <run_address>0x80177b0</run_address>
         <size>0x100</size>
         <input_file_ref idref="fl-7"/>
      </object_component>
      <object_component id="oc-1aa">
         <name>.bss:sched.obj</name>
         <uninitialized>true</uninitialized>
         <run_address>0x8017580</run_address>
         <size>0x1c</size>
         <input_file_ref idref="fl-2"/>
      </object_component>
      <object_component id="oc-43f">
         <name>.bss:cons:console.obj</name>
         <uninitialized>true</uninitialized>
         <run_address>0x80172f0</run_address>
         <size>0x208</size>
         <input_file_ref idref="fl-2"/>
      </object_component>
      <object_component id="oc-33e">
         <name>.bss:buf:readline.obj</name>
         <uninitialized>true</uninitialized>
         <run_address>0x8016894</run_address>
         <size>0x400</size>
         <input_file_ref idref="fl-2"/>
      </object_component>
      <object_component id="oc-256">
         <name>.bss:res$1:printf.obj</name>
         <uninitialized>true</uninitialized>
         <run_address>0x80174f8</run_address>
         <size>0x84</size>
         <input_file_ref idref="fl-2"/>
      </object_component>
      <object_component id="oc-1a3">
         <name>.bss:.common</name>
         <uninitialized>true</uninitialized>
         <run_address>0x8014000</run_address>
         <size>0x2894</size>
         <input_file_ref idref="fl-2"/>
      </object_component>
      <object_component id="oc-22c">
         <name>.bss:.common</name>
         <uninitialized>true</uninitialized>
         <run_address>0x801759c</run_address>
         <size>0x8</size>
         <input_file_ref idref="fl-3"/>
      </object_component>
      <object_component id="oc-2d5">
         <name>.bss:partition_threads_0</name>
         <uninitialized>true</uninitialized>
         <run_address>0x8016c98</run_address>
         <size>0x3a0</size>
         <input_file_ref idref="fl-7"/>
      </object_component>
      <object_component id="oc-2db">
         <name>.bss:partition_ports_sampling_0</name>
         <uninitialized>true</uninitialized>
         <run_address>0x8014000</run_address>
         <size>0x0</size>
         <input_file_ref idref="fl-7"/>
      </object_component>
      <object_component id="oc-2e7">
         <name>.bss:partition_threads_1</name>
         <uninitialized>true</uninitialized>
         <run_address>0x8017038</run_address>
         <size>0x2b8</size>
         <input_file_ref idref="fl-7"/>
      </object_component>
      <object_component id="oc-2ed">
         <name>.bss:partition_ports_sampling_1</name>
         <uninitialized>true</uninitialized>
         <run_address>0x8014000</run_address>
         <size>0x0</size>
         <input_file_ref idref="fl-7"/>
      </object_component>
      <object_component id="oc-1bc">
         <name>.common:pok_channels_sampling</name>
         <uninitialized>true</uninitialized>
         <run_address>0x8014000</run_address>
         <size>0x0</size>
      </object_component>
      <object_component id="oc-464">
         <name>.common:jet_memory_blocks</name>
         <uninitialized>true</uninitialized>
         <run_address>0x8014000</run_address>
         <size>0x0</size>
      </object_component>
      <object_component id="oc-4db">
         <name>.cinit..data.load</name>
         <load_address>0x105e0</load_address>
         <run_address>0x105e0</run_address>
         <size>0x189</size>
      </object_component>
      <object_component id="oc-4d9">
         <name>__TI_handler_table</name>
         <load_address>0x1076c</load_address>
         <run_address>0x1076c</run_address>
         <size>0xc</size>
      </object_component>
      <object_component id="oc-4dc">
         <name>.cinit..bss.load</name>
         <load_address>0x10778</load_address>
         <run_address>0x10778</run_address>
         <size>0x8</size>
      </object_component>
      <object_component id="oc-4dd">
         <name>.cinit..sysheap.load</name>
         <load_address>0x10780</load_address>
         <run_address>0x10780</run_address>
         <size>0x8</size>
      </object_component>
      <object_component id="oc-4da">
         <name>__TI_cinit_table</name>
         <load_address>0x10788</load_address>
         <run_address>0x10788</run_address>
         <size>0x18</size>
      </object_component>
      <object_component id="oc-19e">
         <name>.shared_code:space_asm.obj</name>
         <load_address>0x100000</load_address>
         <run_address>0x100000</run_address>
         <size>0x14</size>
         <input_file_ref idref="fl-2"/>
      </object_component>
      <object_component id="oc-3d9">
         <name>.sysheap:build/arch/armv7/alloc.obj</name>
         <uninitialized>true</uninitialized>
         <run_address>0x8004000</run_address>
         <size>0x1</size>
         <input_file_ref idref="fl-2"/>
      </object_component>
      <object_component id="oc-282">
         <name>.debug_info</name>
         <load_address>0x0</load_address>
         <run_address>0x0</run_address>
         <size>0x336</size>
         <input_file_ref idref="fl-2"/>
      </object_component>
      <object_component id="oc-2bd">
         <name>.debug_info</name>
         <load_address>0x336</load_address>
         <run_address>0x336</run_address>
         <size>0x657</size>
         <input_file_ref idref="fl-2"/>
      </object_component>
      <object_component id="oc-161">
         <name>.debug_info</name>
         <load_address>0x98d</load_address>
         <run_address>0x98d</run_address>
         <size>0xe9</size>
         <input_file_ref idref="fl-2"/>
      </object_component>
      <object_component id="oc-329">
         <name>.debug_info</name>
         <load_address>0xa76</load_address>
         <run_address>0xa76</run_address>
         <size>0x5a</size>
         <input_file_ref idref="fl-2"/>
      </object_component>
      <object_component id="oc-91">
         <name>.debug_info</name>
         <load_address>0xad0</load_address>
         <run_address>0xad0</run_address>
         <size>0x125</size>
         <input_file_ref idref="fl-2"/>
      </object_component>
      <object_component id="oc-166">
         <name>.debug_info</name>
         <load_address>0xbf5</load_address>
         <run_address>0xbf5</run_address>
         <size>0x151</size>
         <input_file_ref idref="fl-2"/>
      </object_component>
      <object_component id="oc-278">
         <name>.debug_info</name>
         <load_address>0xd46</load_address>
         <run_address>0xd46</run_address>
         <size>0x1c1</size>
         <input_file_ref idref="fl-2"/>
      </object_component>
      <object_component id="oc-261">
         <name>.debug_info</name>
         <load_address>0xf07</load_address>
         <run_address>0xf07</run_address>
         <size>0xbb</size>
         <input_file_ref idref="fl-2"/>
      </object_component>
      <object_component id="oc-2c">
         <name>.debug_info</name>
         <load_address>0xfc2</load_address>
         <run_address>0xfc2</run_address>
         <size>0x84</size>
         <input_file_ref idref="fl-2"/>
      </object_component>
      <object_component id="oc-ec">
         <name>.debug_info</name>
         <load_address>0x1046</load_address>
         <run_address>0x1046</run_address>
         <size>0x18b</size>
         <input_file_ref idref="fl-2"/>
      </object_component>
      <object_component id="oc-108">
         <name>.debug_info</name>
         <load_address>0x11d1</load_address>
         <run_address>0x11d1</run_address>
         <size>0x7f</size>
         <input_file_ref idref="fl-2"/>
      </object_component>
      <object_component id="oc-65">
         <name>.debug_info</name>
         <load_address>0x1250</load_address>
         <run_address>0x1250</run_address>
         <size>0x53</size>
         <input_file_ref idref="fl-2"/>
      </object_component>
      <object_component id="oc-1b4">
         <name>.debug_info</name>
         <load_address>0x12a3</load_address>
         <run_address>0x12a3</run_address>
         <size>0x2c</size>
         <input_file_ref idref="fl-2"/>
      </object_component>
      <object_component id="oc-10d">
         <name>.debug_info</name>
         <load_address>0x12cf</load_address>
         <run_address>0x12cf</run_address>
         <size>0x2c</size>
         <input_file_ref idref="fl-2"/>
      </object_component>
      <object_component id="oc-266">
         <name>.debug_info</name>
         <load_address>0x12fb</load_address>
         <run_address>0x12fb</run_address>
         <size>0x5b</size>
         <input_file_ref idref="fl-2"/>
      </object_component>
      <object_component id="oc-273">
         <name>.debug_info</name>
         <load_address>0x1356</load_address>
         <run_address>0x1356</run_address>
         <size>0x11d</size>
         <input_file_ref idref="fl-2"/>
      </object_component>
      <object_component id="oc-31b">
         <name>.debug_info</name>
         <load_address>0x1473</load_address>
         <run_address>0x1473</run_address>
         <size>0x28</size>
         <input_file_ref idref="fl-2"/>
      </object_component>
      <object_component id="oc-27d">
         <name>.debug_info</name>
         <load_address>0x149b</load_address>
         <run_address>0x149b</run_address>
         <size>0x8b</size>
         <input_file_ref idref="fl-2"/>
      </object_component>
      <object_component id="oc-1d9">
         <name>.debug_info</name>
         <load_address>0x1526</load_address>
         <run_address>0x1526</run_address>
         <size>0x3aa</size>
         <input_file_ref idref="fl-2"/>
      </object_component>
      <object_component id="oc-ba">
         <name>.debug_info</name>
         <load_address>0x18d0</load_address>
         <run_address>0x18d0</run_address>
         <size>0x1e6</size>
         <input_file_ref idref="fl-2"/>
      </object_component>
      <object_component id="oc-435">
         <name>.debug_info</name>
         <load_address>0x1ab6</load_address>
         <run_address>0x1ab6</run_address>
         <size>0x165</size>
         <input_file_ref idref="fl-2"/>
      </object_component>
      <object_component id="oc-468">
         <name>.debug_info</name>
         <load_address>0x1c1b</load_address>
         <run_address>0x1c1b</run_address>
         <size>0x9b</size>
         <input_file_ref idref="fl-2"/>
      </object_component>
      <object_component id="oc-1df">
         <name>.debug_info</name>
         <load_address>0x1cb6</load_address>
         <run_address>0x1cb6</run_address>
         <size>0x220</size>
         <input_file_ref idref="fl-2"/>
      </object_component>
      <object_component id="oc-3fd">
         <name>.debug_info</name>
         <load_address>0x1ed6</load_address>
         <run_address>0x1ed6</run_address>
         <size>0x191</size>
         <input_file_ref idref="fl-2"/>
      </object_component>
      <object_component id="oc-1da">
         <name>.debug_info</name>
         <load_address>0x2067</load_address>
         <run_address>0x2067</run_address>
         <size>0x101</size>
         <input_file_ref idref="fl-2"/>
      </object_component>
      <object_component id="oc-40b">
         <name>.debug_info</name>
         <load_address>0x2168</load_address>
         <run_address>0x2168</run_address>
         <size>0x93</size>
         <input_file_ref idref="fl-2"/>
      </object_component>
      <object_component id="oc-193">
         <name>.debug_info</name>
         <load_address>0x21fb</load_address>
         <run_address>0x21fb</run_address>
         <size>0x9c</size>
         <input_file_ref idref="fl-2"/>
      </object_component>
      <object_component id="oc-2b5">
         <name>.debug_info</name>
         <load_address>0x2297</load_address>
         <run_address>0x2297</run_address>
         <size>0x2e4</size>
         <input_file_ref idref="fl-2"/>
      </object_component>
      <object_component id="oc-107">
         <name>.debug_info</name>
         <load_address>0x257b</load_address>
         <run_address>0x257b</run_address>
         <size>0x506</size>
         <input_file_ref idref="fl-2"/>
      </object_component>
      <object_component id="oc-104">
         <name>.debug_info</name>
         <load_address>0x2a81</load_address>
         <run_address>0x2a81</run_address>
         <size>0xf1</size>
         <input_file_ref idref="fl-2"/>
      </object_component>
      <object_component id="oc-8d">
         <name>.debug_info</name>
         <load_address>0x2b72</load_address>
         <run_address>0x2b72</run_address>
         <size>0xcd7</size>
         <input_file_ref idref="fl-2"/>
      </object_component>
      <object_component id="oc-24b">
         <name>.debug_info</name>
         <load_address>0x3849</load_address>
         <run_address>0x3849</run_address>
         <size>0x29b</size>
         <input_file_ref idref="fl-2"/>
      </object_component>
      <object_component id="oc-371">
         <name>.debug_info</name>
         <load_address>0x3ae4</load_address>
         <run_address>0x3ae4</run_address>
         <size>0x2e8</size>
         <input_file_ref idref="fl-2"/>
      </object_component>
      <object_component id="oc-199">
         <name>.debug_info</name>
         <load_address>0x3dcc</load_address>
         <run_address>0x3dcc</run_address>
         <size>0x191</size>
         <input_file_ref idref="fl-2"/>
      </object_component>
      <object_component id="oc-449">
         <name>.debug_info</name>
         <load_address>0x3f5d</load_address>
         <run_address>0x3f5d</run_address>
         <size>0x69</size>
         <input_file_ref idref="fl-2"/>
      </object_component>
      <object_component id="oc-288">
         <name>.debug_info</name>
         <load_address>0x3fc6</load_address>
         <run_address>0x3fc6</run_address>
         <size>0x2c2</size>
         <input_file_ref idref="fl-2"/>
      </object_component>
      <object_component id="oc-3da">
         <name>.debug_info</name>
         <load_address>0x4288</load_address>
         <run_address>0x4288</run_address>
         <size>0xe2</size>
         <input_file_ref idref="fl-2"/>
      </object_component>
      <object_component id="oc-285">
         <name>.debug_info</name>
         <load_address>0x436a</load_address>
         <run_address>0x436a</run_address>
         <size>0xe0</size>
         <input_file_ref idref="fl-2"/>
      </object_component>
      <object_component id="oc-11b">
         <name>.debug_info</name>
         <load_address>0x444a</load_address>
         <run_address>0x444a</run_address>
         <size>0x503</size>
         <input_file_ref idref="fl-2"/>
      </object_component>
      <object_component id="oc-31f">
         <name>.debug_info</name>
         <load_address>0x494d</load_address>
         <run_address>0x494d</run_address>
         <size>0x4e</size>
         <input_file_ref idref="fl-2"/>
      </object_component>
      <object_component id="oc-4b">
         <name>.debug_info</name>
         <load_address>0x499b</load_address>
         <run_address>0x499b</run_address>
         <size>0x3b0</size>
         <input_file_ref idref="fl-2"/>
      </object_component>
      <object_component id="oc-2c3">
         <name>.debug_info</name>
         <load_address>0x4d4b</load_address>
         <run_address>0x4d4b</run_address>
         <size>0x45d</size>
         <input_file_ref idref="fl-2"/>
      </object_component>
      <object_component id="oc-14b">
         <name>.debug_info</name>
         <load_address>0x51a8</load_address>
         <run_address>0x51a8</run_address>
         <size>0x3e5</size>
         <input_file_ref idref="fl-2"/>
      </object_component>
      <object_component id="oc-3b1">
         <name>.debug_info</name>
         <load_address>0x558d</load_address>
         <run_address>0x558d</run_address>
         <size>0x126e</size>
         <input_file_ref idref="fl-2"/>
      </object_component>
      <object_component id="oc-1d3">
         <name>.debug_info</name>
         <load_address>0x67fb</load_address>
         <run_address>0x67fb</run_address>
         <size>0x3699</size>
         <input_file_ref idref="fl-2"/>
      </object_component>
      <object_component id="oc-375">
         <name>.debug_info</name>
         <load_address>0x9e94</load_address>
         <run_address>0x9e94</run_address>
         <size>0x9a</size>
         <input_file_ref idref="fl-2"/>
      </object_component>
      <object_component id="oc-366">
         <name>.debug_info</name>
         <load_address>0x9f2e</load_address>
         <run_address>0x9f2e</run_address>
         <size>0x365</size>
         <input_file_ref idref="fl-2"/>
      </object_component>
      <object_component id="oc-30c">
         <name>.debug_info</name>
         <load_address>0xa293</load_address>
         <run_address>0xa293</run_address>
         <size>0xc1</size>
         <input_file_ref idref="fl-2"/>
      </object_component>
      <object_component id="oc-352">
         <name>.debug_info</name>
         <load_address>0xa354</load_address>
         <run_address>0xa354</run_address>
         <size>0x25b</size>
         <input_file_ref idref="fl-2"/>
      </object_component>
      <object_component id="oc-357">
         <name>.debug_info</name>
         <load_address>0xa5af</load_address>
         <run_address>0xa5af</run_address>
         <size>0x13d</size>
         <input_file_ref idref="fl-2"/>
      </object_component>
      <object_component id="oc-2a4">
         <name>.debug_info</name>
         <load_address>0xa6ec</load_address>
         <run_address>0xa6ec</run_address>
         <size>0xc0</size>
         <input_file_ref idref="fl-2"/>
      </object_component>
      <object_component id="oc-233">
         <name>.debug_info</name>
         <load_address>0xa7ac</load_address>
         <run_address>0xa7ac</run_address>
         <size>0x6f</size>
         <input_file_ref idref="fl-2"/>
      </object_component>
      <object_component id="oc-361">
         <name>.debug_info</name>
         <load_address>0xa81b</load_address>
         <run_address>0xa81b</run_address>
         <size>0x2d5</size>
         <input_file_ref idref="fl-2"/>
      </object_component>
      <object_component id="oc-37c">
         <name>.debug_info</name>
         <load_address>0xaaf0</load_address>
         <run_address>0xaaf0</run_address>
         <size>0x55</size>
         <input_file_ref idref="fl-2"/>
      </object_component>
      <object_component id="oc-36b">
         <name>.debug_info</name>
         <load_address>0xab45</load_address>
         <run_address>0xab45</run_address>
         <size>0x69</size>
         <input_file_ref idref="fl-2"/>
      </object_component>
      <object_component id="oc-324">
         <name>.debug_info</name>
         <load_address>0xabae</load_address>
         <run_address>0xabae</run_address>
         <size>0x55</size>
         <input_file_ref idref="fl-2"/>
      </object_component>
      <object_component id="oc-457">
         <name>.debug_info</name>
         <load_address>0xac03</load_address>
         <run_address>0xac03</run_address>
         <size>0x436</size>
         <input_file_ref idref="fl-2"/>
      </object_component>
      <object_component id="oc-3ae">
         <name>.debug_info</name>
         <load_address>0xb039</load_address>
         <run_address>0xb039</run_address>
         <size>0x1c9</size>
         <input_file_ref idref="fl-2"/>
      </object_component>
      <object_component id="oc-396">
         <name>.debug_info</name>
         <load_address>0xb202</load_address>
         <run_address>0xb202</run_address>
         <size>0xa6</size>
         <input_file_ref idref="fl-2"/>
      </object_component>
      <object_component id="oc-3ca">
         <name>.debug_info</name>
         <load_address>0xb2a8</load_address>
         <run_address>0xb2a8</run_address>
         <size>0x41f</size>
         <input_file_ref idref="fl-2"/>
      </object_component>
      <object_component id="oc-227">
         <name>.debug_info</name>
         <load_address>0xb6c7</load_address>
         <run_address>0xb6c7</run_address>
         <size>0x2c5</size>
         <input_file_ref idref="fl-2"/>
      </object_component>
      <object_component id="oc-2b4">
         <name>.debug_info</name>
         <load_address>0xb98c</load_address>
         <run_address>0xb98c</run_address>
         <size>0xa3e</size>
         <input_file_ref idref="fl-2"/>
      </object_component>
      <object_component id="oc-13f">
         <name>.debug_info</name>
         <load_address>0xc3ca</load_address>
         <run_address>0xc3ca</run_address>
         <size>0x1610</size>
         <input_file_ref idref="fl-2"/>
      </object_component>
      <object_component id="oc-3e7">
         <name>.debug_info</name>
         <load_address>0xd9da</load_address>
         <run_address>0xd9da</run_address>
         <size>0x531</size>
         <input_file_ref idref="fl-2"/>
      </object_component>
      <object_component id="oc-b5">
         <name>.debug_info</name>
         <load_address>0xdf0b</load_address>
         <run_address>0xdf0b</run_address>
         <size>0xe3</size>
         <input_file_ref idref="fl-2"/>
      </object_component>
      <object_component id="oc-2d0">
         <name>.debug_info</name>
         <load_address>0xdfee</load_address>
         <run_address>0xdfee</run_address>
         <size>0x119</size>
         <input_file_ref idref="fl-2"/>
      </object_component>
      <object_component id="oc-2d3">
         <name>.debug_info</name>
         <load_address>0xe107</load_address>
         <run_address>0xe107</run_address>
         <size>0x113</size>
         <input_file_ref idref="fl-2"/>
      </object_component>
      <object_component id="oc-28b">
         <name>.debug_info</name>
         <load_address>0xe21a</load_address>
         <run_address>0xe21a</run_address>
         <size>0xb00</size>
         <input_file_ref idref="fl-2"/>
      </object_component>
      <object_component id="oc-2bb">
         <name>.debug_info</name>
         <load_address>0xed1a</load_address>
         <run_address>0xed1a</run_address>
         <size>0x5a1</size>
         <input_file_ref idref="fl-2"/>
      </object_component>
      <object_component id="oc-18c">
         <name>.debug_info</name>
         <load_address>0xf2bb</load_address>
         <run_address>0xf2bb</run_address>
         <size>0x103</size>
         <input_file_ref idref="fl-2"/>
      </object_component>
      <object_component id="oc-142">
         <name>.debug_info</name>
         <load_address>0xf3be</load_address>
         <run_address>0xf3be</run_address>
         <size>0x6ff</size>
         <input_file_ref idref="fl-2"/>
      </object_component>
      <object_component id="oc-316">
         <name>.debug_info</name>
         <load_address>0xfabd</load_address>
         <run_address>0xfabd</run_address>
         <size>0x365</size>
         <input_file_ref idref="fl-2"/>
      </object_component>
      <object_component id="oc-302">
         <name>.debug_info</name>
         <load_address>0xfe22</load_address>
         <run_address>0xfe22</run_address>
         <size>0x25b</size>
         <input_file_ref idref="fl-2"/>
      </object_component>
      <object_component id="oc-307">
         <name>.debug_info</name>
         <load_address>0x1007d</load_address>
         <run_address>0x1007d</run_address>
         <size>0x13d</size>
         <input_file_ref idref="fl-2"/>
      </object_component>
      <object_component id="oc-2fd">
         <name>.debug_info</name>
         <load_address>0x101ba</load_address>
         <run_address>0x101ba</run_address>
         <size>0x76</size>
         <input_file_ref idref="fl-2"/>
      </object_component>
      <object_component id="oc-1c1">
         <name>.debug_info</name>
         <load_address>0x10230</load_address>
         <run_address>0x10230</run_address>
         <size>0x2e4</size>
         <input_file_ref idref="fl-2"/>
      </object_component>
      <object_component id="oc-311">
         <name>.debug_info</name>
         <load_address>0x10514</load_address>
         <run_address>0x10514</run_address>
         <size>0x2d5</size>
         <input_file_ref idref="fl-2"/>
      </object_component>
      <object_component id="oc-1c0">
         <name>.debug_info</name>
         <load_address>0x107e9</load_address>
         <run_address>0x107e9</run_address>
         <size>0x62d</size>
         <input_file_ref idref="fl-2"/>
      </object_component>
      <object_component id="oc-ab">
         <name>.debug_info</name>
         <load_address>0x10e16</load_address>
         <run_address>0x10e16</run_address>
         <size>0x1b61</size>
         <input_file_ref idref="fl-2"/>
      </object_component>
      <object_component id="oc-2a3">
         <name>.debug_info</name>
         <load_address>0x12977</load_address>
         <run_address>0x12977</run_address>
         <size>0x2a3</size>
         <input_file_ref idref="fl-2"/>
      </object_component>
      <object_component id="oc-12b">
         <name>.debug_info</name>
         <load_address>0x12c1a</load_address>
         <run_address>0x12c1a</run_address>
         <size>0x5d5</size>
         <input_file_ref idref="fl-2"/>
      </object_component>
      <object_component id="oc-293">
         <name>.debug_info</name>
         <load_address>0x131ef</load_address>
         <run_address>0x131ef</run_address>
         <size>0x4da</size>
         <input_file_ref idref="fl-2"/>
      </object_component>
      <object_component id="oc-121">
         <name>.debug_info</name>
         <load_address>0x136c9</load_address>
         <run_address>0x136c9</run_address>
         <size>0x5e0</size>
         <input_file_ref idref="fl-2"/>
      </object_component>
      <object_component id="oc-3ed">
         <name>.debug_info</name>
         <load_address>0x13ca9</load_address>
         <run_address>0x13ca9</run_address>
         <size>0x239</size>
         <input_file_ref idref="fl-2"/>
      </object_component>
      <object_component id="oc-3f2">
         <name>.debug_info</name>
         <load_address>0x13ee2</load_address>
         <run_address>0x13ee2</run_address>
         <size>0x20d</size>
         <input_file_ref idref="fl-2"/>
      </object_component>
      <object_component id="oc-52">
         <name>.debug_info</name>
         <load_address>0x140ef</load_address>
         <run_address>0x140ef</run_address>
         <size>0x1a5</size>
         <input_file_ref idref="fl-2"/>
      </object_component>
      <object_component id="oc-456">
         <name>.debug_info</name>
         <load_address>0x14294</load_address>
         <run_address>0x14294</run_address>
         <size>0x47b</size>
         <input_file_ref idref="fl-2"/>
      </object_component>
      <object_component id="oc-38d">
         <name>.debug_info</name>
         <load_address>0x1470f</load_address>
         <run_address>0x1470f</run_address>
         <size>0x105</size>
         <input_file_ref idref="fl-2"/>
      </object_component>
      <object_component id="oc-1b1">
         <name>.debug_info</name>
         <load_address>0x14814</load_address>
         <run_address>0x14814</run_address>
         <size>0xf0</size>
         <input_file_ref idref="fl-2"/>
      </object_component>
      <object_component id="oc-452">
         <name>.debug_info</name>
         <load_address>0x14904</load_address>
         <run_address>0x14904</run_address>
         <size>0x323</size>
         <input_file_ref idref="fl-2"/>
      </object_component>
      <object_component id="oc-1a4">
         <name>.debug_info</name>
         <load_address>0x14c27</load_address>
         <run_address>0x14c27</run_address>
         <size>0x94a</size>
         <input_file_ref idref="fl-2"/>
      </object_component>
      <object_component id="oc-1ab">
         <name>.debug_info</name>
         <load_address>0x15571</load_address>
         <run_address>0x15571</run_address>
         <size>0x1a4</size>
         <input_file_ref idref="fl-2"/>
      </object_component>
      <object_component id="oc-14e">
         <name>.debug_info</name>
         <load_address>0x15715</load_address>
         <run_address>0x15715</run_address>
         <size>0x154</size>
         <input_file_ref idref="fl-2"/>
      </object_component>
      <object_component id="oc-a3">
         <name>.debug_info</name>
         <load_address>0x15869</load_address>
         <run_address>0x15869</run_address>
         <size>0x12d7</size>
         <input_file_ref idref="fl-2"/>
      </object_component>
      <object_component id="oc-2a1">
         <name>.debug_info</name>
         <load_address>0x16b40</load_address>
         <run_address>0x16b40</run_address>
         <size>0xd98</size>
         <input_file_ref idref="fl-2"/>
      </object_component>
      <object_component id="oc-125">
         <name>.debug_info</name>
         <load_address>0x178d8</load_address>
         <run_address>0x178d8</run_address>
         <size>0x2b70</size>
         <input_file_ref idref="fl-2"/>
      </object_component>
      <object_component id="oc-23e">
         <name>.debug_info</name>
         <load_address>0x1a448</load_address>
         <run_address>0x1a448</run_address>
         <size>0x4c6</size>
         <input_file_ref idref="fl-2"/>
      </object_component>
      <object_component id="oc-e7">
         <name>.debug_info</name>
         <load_address>0x1a90e</load_address>
         <run_address>0x1a90e</run_address>
         <size>0x3e0</size>
         <input_file_ref idref="fl-2"/>
      </object_component>
      <object_component id="oc-40a">
         <name>.debug_info</name>
         <load_address>0x1acee</load_address>
         <run_address>0x1acee</run_address>
         <size>0x8ba</size>
         <input_file_ref idref="fl-2"/>
      </object_component>
      <object_component id="oc-407">
         <name>.debug_info</name>
         <load_address>0x1b5a8</load_address>
         <run_address>0x1b5a8</run_address>
         <size>0xf3</size>
         <input_file_ref idref="fl-2"/>
      </object_component>
      <object_component id="oc-2ac">
         <name>.debug_info</name>
         <load_address>0x1b69b</load_address>
         <run_address>0x1b69b</run_address>
         <size>0x23a2</size>
         <input_file_ref idref="fl-2"/>
      </object_component>
      <object_component id="oc-2b2">
         <name>.debug_info</name>
         <load_address>0x1da3d</load_address>
         <run_address>0x1da3d</run_address>
         <size>0x75d</size>
         <input_file_ref idref="fl-2"/>
      </object_component>
      <object_component id="oc-137">
         <name>.debug_info</name>
         <load_address>0x1e19a</load_address>
         <run_address>0x1e19a</run_address>
         <size>0x1eb0</size>
         <input_file_ref idref="fl-2"/>
      </object_component>
      <object_component id="oc-160">
         <name>.debug_info</name>
         <load_address>0x2004a</load_address>
         <run_address>0x2004a</run_address>
         <size>0xc09</size>
         <input_file_ref idref="fl-2"/>
      </object_component>
      <object_component id="oc-151">
         <name>.debug_info</name>
         <load_address>0x20c53</load_address>
         <run_address>0x20c53</run_address>
         <size>0xf4</size>
         <input_file_ref idref="fl-2"/>
      </object_component>
      <object_component id="oc-157">
         <name>.debug_info</name>
         <load_address>0x20d47</load_address>
         <run_address>0x20d47</run_address>
         <size>0xf3</size>
         <input_file_ref idref="fl-2"/>
      </object_component>
      <object_component id="oc-154">
         <name>.debug_info</name>
         <load_address>0x20e3a</load_address>
         <run_address>0x20e3a</run_address>
         <size>0xe7</size>
         <input_file_ref idref="fl-2"/>
      </object_component>
      <object_component id="oc-97">
         <name>.debug_info</name>
         <load_address>0x20f21</load_address>
         <run_address>0x20f21</run_address>
         <size>0x1743</size>
         <input_file_ref idref="fl-2"/>
      </object_component>
      <object_component id="oc-3fa">
         <name>.debug_info</name>
         <load_address>0x22664</load_address>
         <run_address>0x22664</run_address>
         <size>0xb5a</size>
         <input_file_ref idref="fl-2"/>
      </object_component>
      <object_component id="oc-29e">
         <name>.debug_info</name>
         <load_address>0x231be</load_address>
         <run_address>0x231be</run_address>
         <size>0x4030</size>
         <input_file_ref idref="fl-2"/>
      </object_component>
      <object_component id="oc-1a6">
         <name>.debug_info</name>
         <load_address>0x271ee</load_address>
         <run_address>0x271ee</run_address>
         <size>0x497</size>
         <input_file_ref idref="fl-2"/>
      </object_component>
      <object_component id="oc-1c7">
         <name>.debug_info</name>
         <load_address>0x27685</load_address>
         <run_address>0x27685</run_address>
         <size>0xe8</size>
         <input_file_ref idref="fl-2"/>
      </object_component>
      <object_component id="oc-1cd">
         <name>.debug_info</name>
         <load_address>0x2776d</load_address>
         <run_address>0x2776d</run_address>
         <size>0x11f</size>
         <input_file_ref idref="fl-2"/>
      </object_component>
      <object_component id="oc-b1">
         <name>.debug_info</name>
         <load_address>0x2788c</load_address>
         <run_address>0x2788c</run_address>
         <size>0xe65</size>
         <input_file_ref idref="fl-2"/>
      </object_component>
      <object_component id="oc-3f8">
         <name>.debug_info</name>
         <load_address>0x286f1</load_address>
         <run_address>0x286f1</run_address>
         <size>0x282</size>
         <input_file_ref idref="fl-2"/>
      </object_component>
      <object_component id="oc-296">
         <name>.debug_info</name>
         <load_address>0x28973</load_address>
         <run_address>0x28973</run_address>
         <size>0x18c</size>
         <input_file_ref idref="fl-2"/>
      </object_component>
      <object_component id="oc-32f">
         <name>.debug_info</name>
         <load_address>0x28aff</load_address>
         <run_address>0x28aff</run_address>
         <size>0x27d</size>
         <input_file_ref idref="fl-2"/>
      </object_component>
      <object_component id="oc-16e">
         <name>.debug_info</name>
         <load_address>0x28d7c</load_address>
         <run_address>0x28d7c</run_address>
         <size>0x202</size>
         <input_file_ref idref="fl-2"/>
      </object_component>
      <object_component id="oc-4b4">
         <name>.debug_info</name>
         <load_address>0x28f7e</load_address>
         <run_address>0x28f7e</run_address>
         <size>0x326</size>
         <input_file_ref idref="fl-2"/>
      </object_component>
      <object_component id="oc-440">
         <name>.debug_info</name>
         <load_address>0x292a4</load_address>
         <run_address>0x292a4</run_address>
         <size>0xd4</size>
         <input_file_ref idref="fl-2"/>
      </object_component>
      <object_component id="oc-339">
         <name>.debug_info</name>
         <load_address>0x29378</load_address>
         <run_address>0x29378</run_address>
         <size>0x298</size>
         <input_file_ref idref="fl-2"/>
      </object_component>
      <object_component id="oc-49e">
         <name>.debug_info</name>
         <load_address>0x29610</load_address>
         <run_address>0x29610</run_address>
         <size>0x68</size>
         <input_file_ref idref="fl-2"/>
      </object_component>
      <object_component id="oc-64">
         <name>.debug_info</name>
         <load_address>0x29678</load_address>
         <run_address>0x29678</run_address>
         <size>0x28e</size>
         <input_file_ref idref="fl-2"/>
      </object_component>
      <object_component id="oc-33">
         <name>.debug_info</name>
         <load_address>0x29906</load_address>
         <run_address>0x29906</run_address>
         <size>0x187</size>
         <input_file_ref idref="fl-2"/>
      </object_component>
      <object_component id="oc-1a8">
         <name>.debug_info</name>
         <load_address>0x29a8d</load_address>
         <run_address>0x29a8d</run_address>
         <size>0x34e</size>
         <input_file_ref idref="fl-2"/>
      </object_component>
      <object_component id="oc-33f">
         <name>.debug_info</name>
         <load_address>0x29ddb</load_address>
         <run_address>0x29ddb</run_address>
         <size>0xd3</size>
         <input_file_ref idref="fl-2"/>
      </object_component>
      <object_component id="oc-342">
         <name>.debug_info</name>
         <load_address>0x29eae</load_address>
         <run_address>0x29eae</run_address>
         <size>0x15c</size>
         <input_file_ref idref="fl-2"/>
      </object_component>
      <object_component id="oc-17d">
         <name>.debug_info</name>
         <load_address>0x2a00a</load_address>
         <run_address>0x2a00a</run_address>
         <size>0x96d</size>
         <input_file_ref idref="fl-2"/>
      </object_component>
      <object_component id="oc-383">
         <name>.debug_info</name>
         <load_address>0x2a977</load_address>
         <run_address>0x2a977</run_address>
         <size>0x81</size>
         <input_file_ref idref="fl-2"/>
      </object_component>
      <object_component id="oc-192">
         <name>.debug_info</name>
         <load_address>0x2a9f8</load_address>
         <run_address>0x2a9f8</run_address>
         <size>0x79d</size>
         <input_file_ref idref="fl-2"/>
      </object_component>
      <object_component id="oc-183">
         <name>.debug_info</name>
         <load_address>0x2b195</load_address>
         <run_address>0x2b195</run_address>
         <size>0x123</size>
         <input_file_ref idref="fl-2"/>
      </object_component>
      <object_component id="oc-186">
         <name>.debug_info</name>
         <load_address>0x2b2b8</load_address>
         <run_address>0x2b2b8</run_address>
         <size>0xdc</size>
         <input_file_ref idref="fl-2"/>
      </object_component>
      <object_component id="oc-18f">
         <name>.debug_info</name>
         <load_address>0x2b394</load_address>
         <run_address>0x2b394</run_address>
         <size>0xf1</size>
         <input_file_ref idref="fl-2"/>
      </object_component>
      <object_component id="oc-9d">
         <name>.debug_info</name>
         <load_address>0x2b485</load_address>
         <run_address>0x2b485</run_address>
         <size>0x12eb</size>
         <input_file_ref idref="fl-2"/>
      </object_component>
      <object_component id="oc-35c">
         <name>.debug_info</name>
         <load_address>0x2c770</load_address>
         <run_address>0x2c770</run_address>
         <size>0x7d</size>
         <input_file_ref idref="fl-2"/>
      </object_component>
      <object_component id="oc-d0">
         <name>.debug_info</name>
         <load_address>0x2c7ed</load_address>
         <run_address>0x2c7ed</run_address>
         <size>0x278</size>
         <input_file_ref idref="fl-2"/>
      </object_component>
      <object_component id="oc-79">
         <name>.debug_info</name>
         <load_address>0x2ca65</load_address>
         <run_address>0x2ca65</run_address>
         <size>0x183</size>
         <input_file_ref idref="fl-2"/>
      </object_component>
      <object_component id="oc-25b">
         <name>.debug_info</name>
         <load_address>0x2cbe8</load_address>
         <run_address>0x2cbe8</run_address>
         <size>0x3e2</size>
         <input_file_ref idref="fl-2"/>
      </object_component>
      <object_component id="oc-258">
         <name>.debug_info</name>
         <load_address>0x2cfca</load_address>
         <run_address>0x2cfca</run_address>
         <size>0xd7</size>
         <input_file_ref idref="fl-2"/>
      </object_component>
      <object_component id="oc-fb">
         <name>.debug_info</name>
         <load_address>0x2d0a1</load_address>
         <run_address>0x2d0a1</run_address>
         <size>0xb9d</size>
         <input_file_ref idref="fl-2"/>
      </object_component>
      <object_component id="oc-25c">
         <name>.debug_info</name>
         <load_address>0x2dc3e</load_address>
         <run_address>0x2dc3e</run_address>
         <size>0x8c</size>
         <input_file_ref idref="fl-2"/>
      </object_component>
      <object_component id="oc-2aa">
         <name>.debug_info</name>
         <load_address>0x2dcca</load_address>
         <run_address>0x2dcca</run_address>
         <size>0x283</size>
         <input_file_ref idref="fl-2"/>
      </object_component>
      <object_component id="oc-132">
         <name>.debug_info</name>
         <load_address>0x2df4d</load_address>
         <run_address>0x2df4d</run_address>
         <size>0x295</size>
         <input_file_ref idref="fl-2"/>
      </object_component>
      <object_component id="oc-337">
         <name>.debug_info</name>
         <load_address>0x2e1e2</load_address>
         <run_address>0x2e1e2</run_address>
         <size>0x283</size>
         <input_file_ref idref="fl-2"/>
      </object_component>
      <object_component id="oc-178">
         <name>.debug_info</name>
         <load_address>0x2e465</load_address>
         <run_address>0x2e465</run_address>
         <size>0x13c</size>
         <input_file_ref idref="fl-2"/>
      </object_component>
      <object_component id="oc-1a1">
         <name>.debug_info</name>
         <load_address>0x2e5a1</load_address>
         <run_address>0x2e5a1</run_address>
         <size>0xf0</size>
         <input_file_ref idref="fl-2"/>
      </object_component>
      <object_component id="oc-113">
         <name>.debug_info</name>
         <load_address>0x2e691</load_address>
         <run_address>0x2e691</run_address>
         <size>0x227</size>
         <input_file_ref idref="fl-2"/>
      </object_component>
      <object_component id="oc-1c">
         <name>.debug_info</name>
         <load_address>0x2e8b8</load_address>
         <run_address>0x2e8b8</run_address>
         <size>0x209</size>
         <input_file_ref idref="fl-2"/>
      </object_component>
      <object_component id="oc-f3">
         <name>.debug_info</name>
         <load_address>0x2eac1</load_address>
         <run_address>0x2eac1</run_address>
         <size>0x233</size>
         <input_file_ref idref="fl-2"/>
      </object_component>
      <object_component id="oc-80">
         <name>.debug_info</name>
         <load_address>0x2ecf4</load_address>
         <run_address>0x2ecf4</run_address>
         <size>0x14f</size>
         <input_file_ref idref="fl-2"/>
      </object_component>
      <object_component id="oc-58">
         <name>.debug_info</name>
         <load_address>0x2ee43</load_address>
         <run_address>0x2ee43</run_address>
         <size>0x259</size>
         <input_file_ref idref="fl-2"/>
      </object_component>
      <object_component id="oc-23">
         <name>.debug_info</name>
         <load_address>0x2f09c</load_address>
         <run_address>0x2f09c</run_address>
         <size>0xf2</size>
         <input_file_ref idref="fl-2"/>
      </object_component>
      <object_component id="oc-22d">
         <name>.debug_info</name>
         <load_address>0x2f18e</load_address>
         <run_address>0x2f18e</run_address>
         <size>0x342</size>
         <input_file_ref idref="fl-3"/>
      </object_component>
      <object_component id="oc-230">
         <name>.debug_info</name>
         <load_address>0x2f4d0</load_address>
         <run_address>0x2f4d0</run_address>
         <size>0xed</size>
         <input_file_ref idref="fl-3"/>
      </object_component>
      <object_component id="oc-e0">
         <name>.debug_info</name>
         <load_address>0x2f5bd</load_address>
         <run_address>0x2f5bd</run_address>
         <size>0x8f4</size>
         <input_file_ref idref="fl-3"/>
      </object_component>
      <object_component id="oc-241">
         <name>.debug_info</name>
         <load_address>0x2feb1</load_address>
         <run_address>0x2feb1</run_address>
         <size>0x4d5</size>
         <input_file_ref idref="fl-3"/>
      </object_component>
      <object_component id="oc-21c">
         <name>.debug_info</name>
         <load_address>0x30386</load_address>
         <run_address>0x30386</run_address>
         <size>0x4da</size>
         <input_file_ref idref="fl-3"/>
      </object_component>
      <object_component id="oc-f1">
         <name>.debug_info</name>
         <load_address>0x30860</load_address>
         <run_address>0x30860</run_address>
         <size>0x532</size>
         <input_file_ref idref="fl-3"/>
      </object_component>
      <object_component id="oc-88">
         <name>.debug_info</name>
         <load_address>0x30d92</load_address>
         <run_address>0x30d92</run_address>
         <size>0x579</size>
         <input_file_ref idref="fl-3"/>
      </object_component>
      <object_component id="oc-246">
         <name>.debug_info</name>
         <load_address>0x3130b</load_address>
         <run_address>0x3130b</run_address>
         <size>0x102a</size>
         <input_file_ref idref="fl-3"/>
      </object_component>
      <object_component id="oc-3c7">
         <name>.debug_info</name>
         <load_address>0x32335</load_address>
         <run_address>0x32335</run_address>
         <size>0x327</size>
         <input_file_ref idref="fl-3"/>
      </object_component>
      <object_component id="oc-219">
         <name>.debug_info</name>
         <load_address>0x3265c</load_address>
         <run_address>0x3265c</run_address>
         <size>0xdb</size>
         <input_file_ref idref="fl-3"/>
      </object_component>
      <object_component id="oc-da">
         <name>.debug_info</name>
         <load_address>0x32737</load_address>
         <run_address>0x32737</run_address>
         <size>0x3b6</size>
         <input_file_ref idref="fl-3"/>
      </object_component>
      <object_component id="oc-482">
         <name>.debug_info</name>
         <load_address>0x32aed</load_address>
         <run_address>0x32aed</run_address>
         <size>0x4f</size>
         <input_file_ref idref="fl-3"/>
      </object_component>
      <object_component id="oc-3a7">
         <name>.debug_info</name>
         <load_address>0x32b3c</load_address>
         <run_address>0x32b3c</run_address>
         <size>0x3d0</size>
         <input_file_ref idref="fl-3"/>
      </object_component>
      <object_component id="oc-3a0">
         <name>.debug_info</name>
         <load_address>0x32f0c</load_address>
[...]
      </symbol>
      <symbol id="sm-f5e">
         <name>upper_number_in_mem</name>
         <value>0xadbc</value>
         <object_component_ref idref="oc-17c"/>
      </symbol>
      <symbol id="sm-f5f">
         <name>more_than_2_in_MEM</name>
         <value>0x8017bf0</value>
         <object_component_ref idref="oc-341"/>
      </symbol>
      <symbol id="sm-f60">
         <name>current_buf_number</name>
         <value>0x8017bf4</value>
         <object_component_ref idref="oc-341"/>
      </symbol>
      <symbol id="sm-f61">
         <name>clear_console</name>
         <value>0xae50</value>
         <object_component_ref idref="oc-17c"/>
      </symbol>
      <symbol id="sm-f62">
         <name>print_partition</name>
         <value>0x4a5c</value>
         <object_component_ref idref="oc-9c"/>
      </symbol>
      <symbol id="sm-f63">
         <name>pok_monitor_thread_init</name>
         <value>0x55f0</value>
         <object_component_ref idref="oc-9c"/>
      </symbol>
      <symbol id="sm-f64">
         <name>pause_N</name>
         <value>0x4ddc</value>
         <object_component_ref idref="oc-9c"/>
      </symbol>
      <symbol id="sm-f65">
         <name>monitor_process_error</name>
         <value>0x55d0</value>
         <object_component_ref idref="oc-9c"/>
      </symbol>
      <symbol id="sm-f66">
         <name>cpu_reset</name>
         <value>0x51c0</value>
         <object_component_ref idref="oc-9c"/>
      </symbol>
      <symbol id="sm-f67">
         <name>atoi</name>
         <value>0x47e4</value>
         <object_component_ref idref="oc-9c"/>
      </symbol>
      <symbol id="sm-f68">
         <name>info_partition</name>
         <value>0x4b94</value>
         <object_component_ref idref="oc-9c"/>
      </symbol>
      <symbol id="sm-f69">
         <name>help_about</name>
         <value>0x49a0</value>
         <object_component_ref idref="oc-9c"/>
      </symbol>
      <symbol id="sm-f6a">
         <name>restart_N</name>
         <value>0x50f0</value>
         <object_component_ref idref="oc-9c"/>
      </symbol>
      <symbol id="sm-f6b">
         <name>resume_N</name>
         <value>0x4ee4</value>
         <object_component_ref idref="oc-9c"/>
      </symbol>
      <symbol id="sm-f6c">
         <name>monitor_start_func</name>
         <value>0x5474</value>
         <object_component_ref idref="oc-9c"/>
      </symbol>
      <symbol id="sm-f6d">
         <name>want_to_exit</name>
         <value>0x8017c14</value>
         <object_component_ref idref="oc-182"/>
      </symbol>
      <symbol id="sm-f6e">
         <name>monitor</name>
         <value>0x53cc</value>
         <object_component_ref idref="oc-9c"/>
      </symbol>
      <symbol id="sm-f6f">
         <name>exit_from_monitor</name>
         <value>0x519c</value>
         <object_component_ref idref="oc-9c"/>
      </symbol>
      <symbol id="sm-f70">
         <name>mon_help</name>
         <value>0x4918</value>
         <object_component_ref idref="oc-9c"/>
      </symbol>
      <symbol id="sm-f71">
         <name>memset</name>
         <value>0xfc60</value>
         <object_component_ref idref="oc-78"/>
      </symbol>
      <symbol id="sm-f72">
         <name>snprintf</name>
         <value>0x9688</value>
         <object_component_ref idref="oc-f7"/>
      </symbol>
      <symbol id="sm-f73">
         <name>vprintf</name>
         <value>0x9594</value>
         <object_component_ref idref="oc-f7"/>
      </symbol>
      <symbol id="sm-f74">
         <name>printf</name>
         <value>0x9618</value>
         <object_component_ref idref="oc-f7"/>
      </symbol>
      <symbol id="sm-f75">
         <name>handle_fmt</name>
         <value>0x8ea4</value>
         <object_component_ref idref="oc-f7"/>
      </symbol>
      <symbol id="sm-f76">
         <name>strlen</name>
         <value>0xf5cc</value>
         <object_component_ref idref="oc-12f"/>
      </symbol>
      <symbol id="sm-f77">
         <name>strnlen</name>
         <value>0xf614</value>
         <object_component_ref idref="oc-12f"/>
      </symbol>
      <symbol id="sm-f78">
         <name>strncpy</name>
         <value>0xf670</value>
         <object_component_ref idref="oc-12f"/>
      </symbol>
      <symbol id="sm-f79">
         <name>strchr</name>
         <value>0xfe14</value>
         <object_component_ref idref="oc-176"/>
      </symbol>
      <symbol id="sm-f7a">
         <name>ja_user_space_jump</name>
         <value>0x100000</value>
         <object_component_ref idref="oc-19e"/>
      </symbol>
      <symbol id="sm-f7b">
         <name>ja_kernel_thread</name>
         <value>0xf8c4</value>
         <object_component_ref idref="oc-112"/>
      </symbol>
      <symbol id="sm-f7c">
         <name>context_restore</name>
         <value>0xf888</value>
         <object_component_ref idref="oc-112"/>
      </symbol>
      <symbol id="sm-f7d">
         <name>timer_int_wrapper</name>
         <value>0xf8dc</value>
         <object_component_ref idref="oc-112"/>
      </symbol>
      <symbol id="sm-f7e">
         <name>ja_context_restart</name>
         <value>0xf8bc</value>
         <object_component_ref idref="oc-112"/>
      </symbol>
      <symbol id="sm-f7f">
         <name>ja_context_jump</name>
         <value>0xf880</value>
         <object_component_ref idref="oc-112"/>
      </symbol>
      <symbol id="sm-f80">
         <name>ja_context_switch</name>
         <value>0xf8cc</value>
         <object_component_ref idref="oc-112"/>
      </symbol>
      <symbol id="sm-f81">
         <name>ja_context_restart_and_save</name>
         <value>0xf8c8</value>
         <object_component_ref idref="oc-112"/>
      </symbol>
      <symbol id="sm-f82">
         <name>_idle_loop</name>
         <value>0xf3b4</value>
         <object_component_ref idref="oc-1b"/>
      </symbol>
      <symbol id="sm-f83">
         <name>__asm_barier__</name>
         <value>0xf49c</value>
         <object_component_ref idref="oc-1b"/>
      </symbol>
      <symbol id="sm-f84">
         <name>_c_int00</name>
         <value>0xf3a4</value>
         <object_component_ref idref="oc-1b"/>
      </symbol>
      <symbol id="sm-f85">
         <name>_cpu_reg_init</name>
         <value>0xf3cc</value>
         <object_component_ref idref="oc-1b"/>
      </symbol>
      <symbol id="sm-f86">
         <name>_init_cpu_arch</name>
         <value>0xf48c</value>
         <object_component_ref idref="oc-1b"/>
      </symbol>
      <symbol id="sm-f87">
         <name>_mpuSetRegionBaseAddress_</name>
         <value>0xfb78</value>
         <object_component_ref idref="oc-f2"/>
      </symbol>
      <symbol id="sm-f88">
         <name>_mpuInit_</name>
         <value>0xfb28</value>
         <object_component_ref idref="oc-f2"/>
      </symbol>
      <symbol id="sm-f89">
         <name>_mpuSetRegionSizeRegister_</name>
         <value>0xfb8c</value>
         <object_component_ref idref="oc-f2"/>
      </symbol>
      <symbol id="sm-f8a">
         <name>_mpuSetRegionTypeAndPermission_</name>
         <value>0xfb80</value>
         <object_component_ref idref="oc-f2"/>
      </symbol>
      <symbol id="sm-f8b">
         <name>_mpuEnable_</name>
         <value>0xfb4c</value>
         <object_component_ref idref="oc-f2"/>
      </symbol>
      <symbol id="sm-f8c">
         <name>_mpuGetNumberOfRegions_</name>
         <value>0xfb64</value>
         <object_component_ref idref="oc-f2"/>
      </symbol>
      <symbol id="sm-f8d">
         <name>_mpuSetRegion_</name>
         <value>0xfb70</value>
         <object_component_ref idref="oc-f2"/>
      </symbol>
      <symbol id="sm-f8e">
         <name>ja_fp_restore</name>
         <value>0xecb8</value>
         <object_component_ref idref="oc-7f"/>
      </symbol>
      <symbol id="sm-f8f">
         <name>ja_fp_save</name>
         <value>0xebf4</value>
         <object_component_ref idref="oc-7f"/>
      </symbol>
      <symbol id="sm-f90">
         <name>ja_fp_init</name>
         <value>0xed7c</value>
         <object_component_ref idref="oc-7f"/>
      </symbol>
      <symbol id="sm-f91">
         <name>_disable_IRQ_interrupt_</name>
         <value>0xfd70</value>
         <object_component_ref idref="oc-57"/>
      </symbol>
      <symbol id="sm-f92">
         <name>_disable_interrupt_</name>
         <value>0xfd88</value>
         <object_component_ref idref="oc-57"/>
      </symbol>
      <symbol id="sm-f93">
         <name>_enable_interrupt_</name>
         <value>0xfd80</value>
         <object_component_ref idref="oc-57"/>
      </symbol>
      <symbol id="sm-f94">
         <name>pok_arch_sc_wrapper</name>
         <value>0xfd98</value>
         <object_component_ref idref="oc-57"/>
      </symbol>
      <symbol id="sm-f95">
         <name>_get_cspr_</name>
         <value>0xfd90</value>
         <object_component_ref idref="oc-57"/>
      </symbol>
      <symbol id="sm-f96">
         <name>_enable_IRQ_interrupt_</name>
         <value>0xfd78</value>
         <object_component_ref idref="oc-57"/>
      </symbol>
      <symbol id="sm-f97">
         <name>defaultint</name>
         <value>0xfd6c</value>
         <object_component_ref idref="oc-57"/>
      </symbol>
      <symbol id="sm-111f">
         <name>system_time_low</name>
         <value>0x801759c</value>
         <object_component_ref idref="oc-22c"/>
      </symbol>
      <symbol id="sm-1120">
         <name>system_time_high</name>
         <value>0x80175a0</value>
         <object_component_ref idref="oc-22c"/>
      </symbol>
      <symbol id="sm-1121">
         <name>rtiEnableNotification</name>
         <value>0xd23c</value>
         <object_component_ref idref="oc-df"/>
      </symbol>
      <symbol id="sm-1122">
         <name>rtiSetPeriod</name>
         <value>0xd14c</value>
         <object_component_ref idref="oc-df"/>
      </symbol>
      <symbol id="sm-1123">
         <name>ja_calendar_time</name>
         <value>0xd2cc</value>
         <object_component_ref idref="oc-df"/>
      </symbol>
      <symbol id="sm-1124">
         <name>rtiGetCurrentTick</name>
         <value>0xd1a4</value>
         <object_component_ref idref="oc-df"/>
      </symbol>
      <symbol id="sm-1125">
         <name>rti_eoi</name>
         <value>0xcf50</value>
         <object_component_ref idref="oc-df"/>
      </symbol>
      <symbol id="sm-1126">
         <name>ja_system_time</name>
         <value>0xd268</value>
         <object_component_ref idref="oc-df"/>
      </symbol>
      <symbol id="sm-1127">
         <name>init_rti</name>
         <value>0xcf60</value>
         <object_component_ref idref="oc-df"/>
      </symbol>
      <symbol id="sm-1128">
         <name>rtiStopCounter</name>
         <value>0xd0b0</value>
         <object_component_ref idref="oc-df"/>
      </symbol>
      <symbol id="sm-1129">
         <name>ja_bsp_process_timer</name>
         <value>0xd2f0</value>
         <object_component_ref idref="oc-df"/>
      </symbol>
      <symbol id="sm-112a">
         <name>rtiStartCounter</name>
         <value>0xd080</value>
         <object_component_ref idref="oc-df"/>
      </symbol>
      <symbol id="sm-112b">
         <name>rtiGetPeriod</name>
         <value>0xd178</value>
         <object_component_ref idref="oc-df"/>
      </symbol>
      <symbol id="sm-112c">
         <name>rtiResetCounter</name>
         <value>0xd0e0</value>
         <object_component_ref idref="oc-df"/>
      </symbol>
      <symbol id="sm-112d">
         <name>bsp_soft_reset</name>
         <value>0xc99c</value>
         <object_component_ref idref="oc-84"/>
      </symbol>
      <symbol id="sm-112e">
         <name>ja_bsp_init</name>
         <value>0xc8f0</value>
         <object_component_ref idref="oc-84"/>
      </symbol>
      <symbol id="sm-112f">
         <name>pok_bsp_get_info</name>
         <value>0xc988</value>
         <object_component_ref idref="oc-84"/>
      </symbol>
      <symbol id="sm-1130">
         <name>vimChannelMap</name>
         <value>0xd3bc</value>
         <object_component_ref idref="oc-d9"/>
      </symbol>
      <symbol id="sm-1131">
         <name>vimEnableInterrupt</name>
         <value>0xd460</value>
         <object_component_ref idref="oc-d9"/>
      </symbol>
      <symbol id="sm-1132">
         <name>vimDisableInterrupt</name>
         <value>0xd628</value>
         <object_component_ref idref="oc-d9"/>
      </symbol>
      <symbol id="sm-1133">
         <name>init_vim</name>
         <value>0xd6d8</value>
         <object_component_ref idref="oc-d9"/>
      </symbol>
      <symbol id="sm-1134">
         <name>vimECCErrorHandler</name>
         <value>0xd6d4</value>
         <object_component_ref idref="oc-d9"/>
      </symbol>
      <symbol id="sm-1135">
         <name>ja_stream_default_read</name>
         <value>0x8017b90</value>
         <object_component_ref idref="oc-1c9"/>
      </symbol>
      <symbol id="sm-1136">
         <name>arm_stream_main</name>
         <value>0x8017bcc</value>
         <object_component_ref idref="oc-39f"/>
      </symbol>
      <symbol id="sm-1137">
         <name>ja_stream_default_write_debug</name>
         <value>0x8017b9c</value>
         <object_component_ref idref="oc-1c9"/>
      </symbol>
      <symbol id="sm-1138">
         <name>arm_stream_debug</name>
         <value>0x8017bc0</value>
         <object_component_ref idref="oc-3a2"/>
      </symbol>
      <symbol id="sm-1139">
         <name>ja_stream_default_read_debug</name>
         <value>0x8017b98</value>
         <object_component_ref idref="oc-1c9"/>
      </symbol>
      <symbol id="sm-113a">
         <name>ja_stream_default_write</name>
         <value>0x8017b94</value>
         <object_component_ref idref="oc-1c9"/>
      </symbol>
      <symbol id="sm-113b">
         <name>serial_write</name>
         <value>0xeecc</value>
         <object_component_ref idref="oc-d2"/>
      </symbol>
      <symbol id="sm-113c">
         <name>init_serial</name>
         <value>0xedd8</value>
         <object_component_ref idref="oc-d2"/>
      </symbol>
      <symbol id="sm-113d">
         <name>serial_put_byte</name>
         <value>0xeea0</value>
         <object_component_ref idref="oc-d2"/>
      </symbol>
      <symbol id="sm-1146">
         <name>unreachable</name>
         <value>0xff24</value>
         <object_component_ref idref="oc-238"/>
      </symbol>
      <symbol id="sm-1147">
         <name>__builtin_unreachable</name>
         <value>0xff28</value>
         <object_component_ref idref="oc-238"/>
      </symbol>
      <symbol id="sm-1148">
         <name>printf_debug</name>
         <value>0xff20</value>
         <object_component_ref idref="oc-238"/>
      </symbol>
      <symbol id="sm-1153">
         <name>pok_elf_sizes</name>
         <value>0x8017c18</value>
         <object_component_ref idref="oc-28f"/>
      </symbol>
      <symbol id="sm-11f3">
         <name>pok_channels_sampling</name>
         <value>0x8014000</value>
      </symbol>
      <symbol id="sm-11f4">
         <name>jet_memory_blocks</name>
         <value>0x8014000</value>
      </symbol>
      <symbol id="sm-11f5">
         <name>pok_channels_queuing_n</name>
         <value>0x8017bd8</value>
         <object_component_ref idref="oc-fd"/>
      </symbol>
      <symbol id="sm-11f6">
         <name>jet_memory_blocks_n</name>
         <value>0x8017bdc</value>
         <object_component_ref idref="oc-fd"/>
      </symbol>
      <symbol id="sm-11f7">
         <name>ja_spaces</name>
         <value>0x80177b0</value>
         <object_component_ref idref="oc-100"/>
      </symbol>
      <symbol id="sm-11f8">
         <name>pok_hm_module_selector</name>
         <value>0x8017ba0</value>
         <object_component_ref idref="oc-3e0"/>
      </symbol>
      <symbol id="sm-11f9">
         <name>pok_hm_module_table</name>
         <value>0x8017a20</value>
         <object_component_ref idref="oc-3e3"/>
      </symbol>
      <symbol id="sm-11fa">
         <name>pok_config_scheduling_major_frame</name>
         <value>0x10598</value>
         <object_component_ref idref="oc-159"/>
      </symbol>
      <symbol id="sm-11fb">
         <name>pok_partitions_arinc_n</name>
         <value>0x10590</value>
         <object_component_ref idref="oc-159"/>
      </symbol>
      <symbol id="sm-11fc">
         <name>partition_monitor</name>
         <value>0x80179b0</value>
         <object_component_ref idref="oc-188"/>
      </symbol>
      <symbol id="sm-11fd">
         <name>pok_module_sched</name>
         <value>0x10528</value>
         <object_component_ref idref="oc-1ad"/>
      </symbol>
      <symbol id="sm-11fe">
         <name>pok_partitions_arinc</name>
         <value>0x80175c0</value>
         <object_component_ref idref="oc-15c"/>
      </symbol>
      <symbol id="sm-11ff">
         <name>pok_channels_queuing</name>
         <value>0x8017b00</value>
         <object_component_ref idref="oc-1b9"/>
      </symbol>
      <symbol id="sm-1200">
         <name>pok_module_sched_n</name>
         <value>0x10591</value>
         <object_component_ref idref="oc-159"/>
      </symbol>
      <symbol id="sm-1201">
         <name>ja_spaces_n</name>
         <value>0x8017be0</value>
         <object_component_ref idref="oc-fd"/>
      </symbol>
      <symbol id="sm-1202">
         <name>pok_channels_sampling_n</name>
         <value>0x8017bd9</value>
         <object_component_ref idref="oc-fd"/>
      </symbol>
      <symbol id="sm-1210">
         <name>__aeabi_ldivmod</name>
         <value>0xf924</value>
         <object_component_ref idref="oc-221"/>
      </symbol>
      <symbol id="sm-122c">
         <name>__aeabi_uldivmod</name>
         <value>0xe22c</value>
         <object_component_ref idref="oc-251"/>
      </symbol>
      <symbol id="sm-1238">
         <name>__aeabi_idivmod</name>
         <value>0xfdc0</value>
         <object_component_ref idref="oc-171"/>
      </symbol>
      <symbol id="sm-1239">
         <name>__aeabi_idiv</name>
         <value>0xfdc0</value>
         <object_component_ref idref="oc-171"/>
      </symbol>
      <symbol id="sm-1261">
         <name>__TI_auto_init_nobinit_nopinit</name>
         <value>0xfb94</value>
         <object_component_ref idref="oc-1e8"/>
      </symbol>
      <symbol id="sm-1279">
         <name>__TI_zero_init</name>
         <value>0xff10</value>
         <object_component_ref idref="oc-44"/>
      </symbol>
      <symbol id="sm-1290">
         <name>__TI_decompress_none</name>
         <value>0xfefc</value>
         <object_component_ref idref="oc-14"/>
      </symbol>
      <symbol id="sm-12b3">
         <name>__TI_decompress_lzss</name>
         <value>0xf9bc</value>
         <object_component_ref idref="oc-e"/>
      </symbol>
      <symbol id="sm-12bd">
         <name>__aeabi_idiv0</name>
         <value>0xff2c</value>
         <object_component_ref idref="oc-330"/>
      </symbol>
      <symbol id="sm-12be">
         <name>__aeabi_ldiv0</name>
         <value>0xff2c</value>
         <object_component_ref idref="oc-330"/>
      </symbol>
      <symbol id="sm-12bf">
         <name>__TI_static_base__</name>
         <value>0x0</value>
      </symbol>
      <symbol id="sm-12c2">
         <name>_system_post_cinit</name>
         <value>0x0</value>
      </symbol>
   </symbol_table>
   <title>Link successful</title>
</link_info>
