<?xml version="1.0" encoding="ISO-8859-1" ?>
<link_info>
   <banner>TI ARM Linker PC v18.1.2.LTS</banner>
   <copyright>Copyright (c) 1996-2017 Texas Instruments Incorporated</copyright>
   <link_time>0x5d3334b8</link_time>
   <link_errors>0x0</link_errors>
   <output_file>JetOS.out</output_file>
   <entry_point>
      <name>_c_int00</name>
      <address>0x10834</address>
   </entry_point>
   <input_file_list>
      <input_file id="fl-2">
         <path>.\libpok\</path>
         <kind>object</kind>
         <file>libpok.a</file>
         <name>libpok.a</name>
      </input_file>
      <input_file id="fl-3">
         <path>.\kernel\</path>
         <kind>object</kind>
         <file>kernel.a</file>
         <name>kernel.a</name>
      </input_file>
      <input_file id="fl-4">
         <path>.\boards\</path>
         <kind>object</kind>
         <file>boards.a</file>
         <name>boards.a</name>
      </input_file>
      <input_file id="fl-6">
         <path>dummy\\build\</path>
         <kind>object</kind>
         <file>last.obj</file>
         <name>last.obj</name>
      </input_file>
      <input_file id="fl-7">
         <path>dummy\\build\</path>
         <kind>object</kind>
         <file>sizes.obj</file>
         <name>sizes.obj</name>
      </input_file>
      <input_file id="fl-8">
         <path>dummy\\build\</path>
         <kind>object</kind>
         <file>deployment.obj</file>
         <name>deployment.obj</name>
      </input_file>
      <input_file id="fl-b">
         <kind>object</kind>
         <file>&lt;internal&gt;</file>
         <name>&lt;internal&gt;</name>
      </input_file>
      <input_file id="fl-c1">
         <path>C:\ti\ccsv8\tools\compiler\ti-cgt-arm_18.1.2.LTS\lib\</path>
         <kind>archive</kind>
         <file>rtsv7R4_A_be_v3D16_eabi.lib</file>
         <name>ll_div32.asm.obj</name>
      </input_file>
      <input_file id="fl-c2">
         <path>C:\ti\ccsv8\tools\compiler\ti-cgt-arm_18.1.2.LTS\lib\</path>
         <kind>archive</kind>
         <file>rtsv7R4_A_be_v3D16_eabi.lib</file>
         <name>ull_div32.asm.obj</name>
      </input_file>
      <input_file id="fl-c3">
         <path>C:\ti\ccsv8\tools\compiler\ti-cgt-arm_18.1.2.LTS\lib\</path>
         <kind>archive</kind>
         <file>rtsv7R4_A_be_v3D16_eabi.lib</file>
         <name>i_div32.asm.obj</name>
      </input_file>
      <input_file id="fl-c4">
         <path>C:\ti\ccsv8\tools\compiler\ti-cgt-arm_18.1.2.LTS\lib\</path>
         <kind>archive</kind>
         <file>rtsv7R4_A_be_v3D16_eabi.lib</file>
         <name>u_div32.asm.obj</name>
      </input_file>
      <input_file id="fl-c5">
         <path>C:\ti\ccsv8\tools\compiler\ti-cgt-arm_18.1.2.LTS\lib\</path>
         <kind>archive</kind>
         <file>rtsv7R4_A_be_v3D16_eabi.lib</file>
         <name>autoinit.c.obj</name>
      </input_file>
      <input_file id="fl-c6">
         <path>C:\ti\ccsv8\tools\compiler\ti-cgt-arm_18.1.2.LTS\lib\</path>
         <kind>archive</kind>
         <file>rtsv7R4_A_be_v3D16_eabi.lib</file>
         <name>cpy_tbl.c.obj</name>
      </input_file>
      <input_file id="fl-c7">
         <path>C:\ti\ccsv8\tools\compiler\ti-cgt-arm_18.1.2.LTS\lib\</path>
         <kind>archive</kind>
         <file>rtsv7R4_A_be_v3D16_eabi.lib</file>
         <name>copy_zero_init.c.obj</name>
      </input_file>
      <input_file id="fl-c8">
         <path>C:\ti\ccsv8\tools\compiler\ti-cgt-arm_18.1.2.LTS\lib\</path>
         <kind>archive</kind>
         <file>rtsv7R4_A_be_v3D16_eabi.lib</file>
         <name>copy_decompress_none.c.obj</name>
      </input_file>
      <input_file id="fl-c9">
         <path>C:\ti\ccsv8\tools\compiler\ti-cgt-arm_18.1.2.LTS\lib\</path>
         <kind>archive</kind>
         <file>rtsv7R4_A_be_v3D16_eabi.lib</file>
         <name>copy_decompress_lzss.c.obj</name>
      </input_file>
      <input_file id="fl-ca">
         <path>C:\ti\ccsv8\tools\compiler\ti-cgt-arm_18.1.2.LTS\lib\</path>
         <kind>archive</kind>
         <file>rtsv7R4_A_be_v3D16_eabi.lib</file>
         <name>exit.c.obj</name>
      </input_file>
      <input_file id="fl-cb">
         <path>C:\ti\ccsv8\tools\compiler\ti-cgt-arm_18.1.2.LTS\lib\</path>
         <kind>archive</kind>
         <file>rtsv7R4_A_be_v3D16_eabi.lib</file>
         <name>_lock.c.obj</name>
      </input_file>
      <input_file id="fl-cc">
         <path>C:\ti\ccsv8\tools\compiler\ti-cgt-arm_18.1.2.LTS\lib\</path>
         <kind>archive</kind>
         <file>rtsv7R4_A_be_v3D16_eabi.lib</file>
         <name>assert.c.obj</name>
      </input_file>
      <input_file id="fl-cd">
         <path>C:\ti\ccsv8\tools\compiler\ti-cgt-arm_18.1.2.LTS\lib\</path>
         <kind>archive</kind>
         <file>rtsv7R4_A_be_v3D16_eabi.lib</file>
         <name>defs.c.obj</name>
      </input_file>
      <input_file id="fl-ce">
         <path>C:\ti\ccsv8\tools\compiler\ti-cgt-arm_18.1.2.LTS\lib\</path>
         <kind>archive</kind>
         <file>rtsv7R4_A_be_v3D16_eabi.lib</file>
         <name>fflush.c.obj</name>
      </input_file>
      <input_file id="fl-cf">
         <path>C:\ti\ccsv8\tools\compiler\ti-cgt-arm_18.1.2.LTS\lib\</path>
         <kind>archive</kind>
         <file>rtsv7R4_A_be_v3D16_eabi.lib</file>
         <name>fputs.c.obj</name>
      </input_file>
      <input_file id="fl-d0">
         <path>C:\ti\ccsv8\tools\compiler\ti-cgt-arm_18.1.2.LTS\lib\</path>
         <kind>archive</kind>
         <file>rtsv7R4_A_be_v3D16_eabi.lib</file>
         <name>write.c.obj</name>
      </input_file>
      <input_file id="fl-d1">
         <path>C:\ti\ccsv8\tools\compiler\ti-cgt-arm_18.1.2.LTS\lib\</path>
         <kind>archive</kind>
         <file>rtsv7R4_A_be_v3D16_eabi.lib</file>
         <name>div0.asm.obj</name>
      </input_file>
      <input_file id="fl-d2">
         <path>C:\ti\ccsv8\tools\compiler\ti-cgt-arm_18.1.2.LTS\lib\</path>
         <kind>archive</kind>
         <file>rtsv7R4_A_be_v3D16_eabi.lib</file>
         <name>_io_perm.c.obj</name>
      </input_file>
      <input_file id="fl-d3">
         <path>C:\ti\ccsv8\tools\compiler\ti-cgt-arm_18.1.2.LTS\lib\</path>
         <kind>archive</kind>
         <file>rtsv7R4_A_be_v3D16_eabi.lib</file>
         <name>fseek.c.obj</name>
      </input_file>
      <input_file id="fl-d4">
         <path>C:\ti\ccsv8\tools\compiler\ti-cgt-arm_18.1.2.LTS\lib\</path>
         <kind>archive</kind>
         <file>rtsv7R4_A_be_v3D16_eabi.lib</file>
         <name>lseek.c.obj</name>
      </input_file>
      <input_file id="fl-d5">
         <path>C:\ti\ccsv8\tools\compiler\ti-cgt-arm_18.1.2.LTS\lib\</path>
         <kind>archive</kind>
         <file>rtsv7R4_A_be_v3D16_eabi.lib</file>
         <name>setvbuf.c.obj</name>
      </input_file>
      <input_file id="fl-d6">
         <path>C:\ti\ccsv8\tools\compiler\ti-cgt-arm_18.1.2.LTS\lib\</path>
         <kind>archive</kind>
         <file>rtsv7R4_A_be_v3D16_eabi.lib</file>
         <name>hostclose.c.obj</name>
      </input_file>
      <input_file id="fl-d7">
         <path>C:\ti\ccsv8\tools\compiler\ti-cgt-arm_18.1.2.LTS\lib\</path>
         <kind>archive</kind>
         <file>rtsv7R4_A_be_v3D16_eabi.lib</file>
         <name>hostlseek.c.obj</name>
      </input_file>
      <input_file id="fl-d8">
         <path>C:\ti\ccsv8\tools\compiler\ti-cgt-arm_18.1.2.LTS\lib\</path>
         <kind>archive</kind>
         <file>rtsv7R4_A_be_v3D16_eabi.lib</file>
         <name>hostopen.c.obj</name>
      </input_file>
      <input_file id="fl-d9">
         <path>C:\ti\ccsv8\tools\compiler\ti-cgt-arm_18.1.2.LTS\lib\</path>
         <kind>archive</kind>
         <file>rtsv7R4_A_be_v3D16_eabi.lib</file>
         <name>hostread.c.obj</name>
      </input_file>
      <input_file id="fl-da">
         <path>C:\ti\ccsv8\tools\compiler\ti-cgt-arm_18.1.2.LTS\lib\</path>
         <kind>archive</kind>
         <file>rtsv7R4_A_be_v3D16_eabi.lib</file>
         <name>hostrename.c.obj</name>
      </input_file>
      <input_file id="fl-db">
         <path>C:\ti\ccsv8\tools\compiler\ti-cgt-arm_18.1.2.LTS\lib\</path>
         <kind>archive</kind>
         <file>rtsv7R4_A_be_v3D16_eabi.lib</file>
         <name>hostunlink.c.obj</name>
      </input_file>
      <input_file id="fl-dc">
         <path>C:\ti\ccsv8\tools\compiler\ti-cgt-arm_18.1.2.LTS\lib\</path>
         <kind>archive</kind>
         <file>rtsv7R4_A_be_v3D16_eabi.lib</file>
         <name>hostwrite.c.obj</name>
      </input_file>
      <input_file id="fl-dd">
         <path>C:\ti\ccsv8\tools\compiler\ti-cgt-arm_18.1.2.LTS\lib\</path>
         <kind>archive</kind>
         <file>rtsv7R4_A_be_v3D16_eabi.lib</file>
         <name>trgmsg.c.obj</name>
      </input_file>
      <input_file id="fl-de">
         <path>C:\ti\ccsv8\tools\compiler\ti-cgt-arm_18.1.2.LTS\lib\</path>
         <kind>archive</kind>
         <file>rtsv7R4_A_be_v3D16_eabi.lib</file>
         <name>memory.c.obj</name>
      </input_file>
      <input_file id="fl-df">
         <path>C:\ti\ccsv8\tools\compiler\ti-cgt-arm_18.1.2.LTS\lib\</path>
         <kind>archive</kind>
         <file>rtsv7R4_A_be_v3D16_eabi.lib</file>
         <name>fopen.c.obj</name>
      </input_file>
      <input_file id="fl-e0">
         <path>C:\ti\ccsv8\tools\compiler\ti-cgt-arm_18.1.2.LTS\lib\</path>
         <kind>archive</kind>
         <file>rtsv7R4_A_be_v3D16_eabi.lib</file>
         <name>open.c.obj</name>
      </input_file>
      <input_file id="fl-e1">
         <path>C:\ti\ccsv8\tools\compiler\ti-cgt-arm_18.1.2.LTS\lib\</path>
         <kind>archive</kind>
         <file>rtsv7R4_A_be_v3D16_eabi.lib</file>
         <name>strcpy.c.obj</name>
      </input_file>
      <input_file id="fl-e2">
         <path>C:\ti\ccsv8\tools\compiler\ti-cgt-arm_18.1.2.LTS\lib\</path>
         <kind>archive</kind>
         <file>rtsv7R4_A_be_v3D16_eabi.lib</file>
         <name>fclose.c.obj</name>
      </input_file>
      <input_file id="fl-e3">
         <path>C:\ti\ccsv8\tools\compiler\ti-cgt-arm_18.1.2.LTS\lib\</path>
         <kind>archive</kind>
         <file>rtsv7R4_A_be_v3D16_eabi.lib</file>
         <name>getdevice.c.obj</name>
      </input_file>
      <input_file id="fl-e4">
         <path>C:\ti\ccsv8\tools\compiler\ti-cgt-arm_18.1.2.LTS\lib\</path>
         <kind>archive</kind>
         <file>rtsv7R4_A_be_v3D16_eabi.lib</file>
         <name>remove.c.obj</name>
      </input_file>
      <input_file id="fl-e5">
         <path>C:\ti\ccsv8\tools\compiler\ti-cgt-arm_18.1.2.LTS\lib\</path>
         <kind>archive</kind>
         <file>rtsv7R4_A_be_v3D16_eabi.lib</file>
         <name>unlink.c.obj</name>
      </input_file>
      <input_file id="fl-e6">
         <path>C:\ti\ccsv8\tools\compiler\ti-cgt-arm_18.1.2.LTS\lib\</path>
         <kind>archive</kind>
         <file>rtsv7R4_A_be_v3D16_eabi.lib</file>
         <name>close.c.obj</name>
      </input_file>
   </input_file_list>
   <object_component_list>
      <object_component id="oc-21">
         <name>.intvecs:interrupt.obj</name>
         <load_address>0x0</load_address>
         <run_address>0x0</run_address>
         <size>0x20</size>
         <input_file_ref idref="fl-3"/>
      </object_component>
      <object_component id="oc-207">
         <name>.text:build/core/thread.obj</name>
         <load_address>0x20</load_address>
         <run_address>0x20</run_address>
         <size>0x2784</size>
         <input_file_ref idref="fl-3"/>
      </object_component>
      <object_component id="oc-152">
         <name>.text:port.obj</name>
         <load_address>0x27a4</load_address>
         <run_address>0x27a4</run_address>
         <size>0x154c</size>
         <input_file_ref idref="fl-3"/>
      </object_component>
      <object_component id="oc-20d">
         <name>.text:error_arinc.obj</name>
         <load_address>0x3cf0</load_address>
         <run_address>0x3cf0</run_address>
         <size>0x123c</size>
         <input_file_ref idref="fl-3"/>
      </object_component>
      <object_component id="oc-164">
         <name>.text:thread_internal.obj</name>
         <load_address>0x4f2c</load_address>
         <run_address>0x4f2c</run_address>
         <size>0x1104</size>
         <input_file_ref idref="fl-3"/>
      </object_component>
      <object_component id="oc-16f">
         <name>.text:sched_arinc.obj</name>
         <load_address>0x6030</load_address>
         <run_address>0x6030</run_address>
         <size>0xfac</size>
         <input_file_ref idref="fl-3"/>
      </object_component>
      <object_component id="oc-a9">
         <name>.text:monitor.obj</name>
         <load_address>0x6fdc</load_address>
         <run_address>0x6fdc</run_address>
         <size>0xf68</size>
         <input_file_ref idref="fl-3"/>
      </object_component>
      <object_component id="oc-af">
         <name>.text:sched.obj</name>
         <load_address>0x7f44</load_address>
         <run_address>0x7f44</run_address>
         <size>0xeb8</size>
         <input_file_ref idref="fl-3"/>
      </object_component>
      <object_component id="oc-b5">
         <name>.text:channel.obj</name>
         <load_address>0x8dfc</load_address>
         <run_address>0x8dfc</run_address>
         <size>0xc68</size>
         <input_file_ref idref="fl-3"/>
      </object_component>
      <object_component id="oc-a3">
         <name>.text:partition_arinc.obj</name>
         <load_address>0x9a64</load_address>
         <run_address>0x9a64</run_address>
         <size>0xc54</size>
         <input_file_ref idref="fl-3"/>
      </object_component>
      <object_component id="oc-126">
         <name>.text:printf.obj</name>
         <load_address>0xa6b8</load_address>
         <run_address>0xa6b8</run_address>
         <size>0xb6c</size>
         <input_file_ref idref="fl-3"/>
      </object_component>
      <object_component id="oc-c6">
         <name>.text:build/core/syscall.obj</name>
         <load_address>0xb224</load_address>
         <run_address>0xb224</run_address>
         <size>0xafc</size>
         <input_file_ref idref="fl-3"/>
      </object_component>
      <object_component id="oc-1b1">
         <name>.text:readline.obj</name>
         <load_address>0xbd20</load_address>
         <run_address>0xbd20</run_address>
         <size>0x9c4</size>
         <input_file_ref idref="fl-3"/>
      </object_component>
      <object_component id="oc-97">
         <name>.text:space.obj</name>
         <load_address>0xc6e4</load_address>
         <run_address>0xc6e4</run_address>
         <size>0x800</size>
         <input_file_ref idref="fl-3"/>
      </object_component>
      <object_component id="oc-14c">
         <name>.text:loader.obj</name>
         <load_address>0xcee4</load_address>
         <run_address>0xcee4</run_address>
         <size>0x664</size>
         <input_file_ref idref="fl-3"/>
      </object_component>
      <object_component id="oc-91">
         <name>.text:bsp.obj</name>
         <load_address>0xd548</load_address>
         <run_address>0xd548</run_address>
         <size>0x524</size>
         <input_file_ref idref="fl-4"/>
      </object_component>
      <object_component id="oc-bb">
         <name>.text:cons.obj</name>
         <load_address>0xda6c</load_address>
         <run_address>0xda6c</run_address>
         <size>0x490</size>
         <input_file_ref idref="fl-3"/>
      </object_component>
      <object_component id="oc-113">
         <name>.text:rti.obj</name>
         <load_address>0xdefc</load_address>
         <run_address>0xdefc</run_address>
         <size>0x478</size>
         <input_file_ref idref="fl-4"/>
      </object_component>
      <object_component id="oc-10d">
         <name>.text:vim.obj</name>
         <load_address>0xe374</load_address>
         <run_address>0xe374</run_address>
         <size>0x42c</size>
         <input_file_ref idref="fl-4"/>
      </object_component>
      <object_component id="oc-21f">
         <name>.text:error.obj</name>
         <load_address>0xe7a0</load_address>
         <run_address>0xe7a0</run_address>
         <size>0x41c</size>
         <input_file_ref idref="fl-3"/>
      </object_component>
      <object_component id="oc-17b">
         <name>.text:partition.obj</name>
         <load_address>0xebbc</load_address>
         <run_address>0xebbc</run_address>
         <size>0x368</size>
         <input_file_ref idref="fl-3"/>
      </object_component>
      <object_component id="oc-305">
         <name>.text:build/arch/armv7/uaccess.obj</name>
         <load_address>0xef24</load_address>
         <run_address>0xef24</run_address>
         <size>0x328</size>
         <input_file_ref idref="fl-3"/>
      </object_component>
      <object_component id="oc-2a4">
         <name>.text</name>
         <load_address>0xf24c</load_address>
         <run_address>0xf24c</run_address>
         <size>0x2b8</size>
         <input_file_ref idref="fl-c2"/>
      </object_component>
      <object_component id="oc-158">
         <name>.text:delayed_event.obj</name>
         <load_address>0xf504</load_address>
         <run_address>0xf504</run_address>
         <size>0x29c</size>
         <input_file_ref idref="fl-3"/>
      </object_component>
      <object_component id="oc-119">
         <name>.text:debug.obj</name>
         <load_address>0xf7a0</load_address>
         <run_address>0xf7a0</run_address>
         <size>0x254</size>
         <input_file_ref idref="fl-3"/>
      </object_component>
      <object_component id="oc-2d6">
         <name>.text:strncasecmp.obj</name>
         <load_address>0xf9f4</load_address>
         <run_address>0xf9f4</run_address>
         <size>0x220</size>
         <input_file_ref idref="fl-3"/>
      </object_component>
      <object_component id="oc-8c">
         <name>.text:fpu.obj</name>
         <load_address>0xfc14</load_address>
         <run_address>0xfc14</run_address>
         <size>0x1e4</size>
         <input_file_ref idref="fl-3"/>
      </object_component>
      <object_component id="oc-2ec">
         <name>.text:fputs</name>
         <load_address>0xfdf8</load_address>
         <run_address>0xfdf8</run_address>
         <size>0x1a4</size>
         <input_file_ref idref="fl-cf"/>
      </object_component>
      <object_component id="oc-106">
         <name>.text:serial.obj</name>
         <load_address>0xff9c</load_address>
         <run_address>0xff9c</run_address>
         <size>0x1a4</size>
         <input_file_ref idref="fl-4"/>
      </object_component>
      <object_component id="oc-1a0">
         <name>.text:strcmp.obj</name>
         <load_address>0x10140</load_address>
         <run_address>0x10140</run_address>
         <size>0x17c</size>
         <input_file_ref idref="fl-3"/>
      </object_component>
      <object_component id="oc-547">
         <name>.text:free</name>
         <load_address>0x102bc</load_address>
         <run_address>0x102bc</run_address>
         <size>0x16c</size>
         <input_file_ref idref="fl-de"/>
      </object_component>
      <object_component id="oc-213">
         <name>.text:memblocks.obj</name>
         <load_address>0x10428</load_address>
         <run_address>0x10428</run_address>
         <size>0x168</size>
         <input_file_ref idref="fl-3"/>
      </object_component>
      <object_component id="oc-507">
         <name>.text:setvbuf</name>
         <load_address>0x10590</load_address>
         <run_address>0x10590</run_address>
         <size>0x158</size>
         <input_file_ref idref="fl-d5"/>
      </object_component>
      <object_component id="oc-146">
         <name>.text:build/arch/armv7/alloc.obj</name>
         <load_address>0x106e8</load_address>
         <run_address>0x106e8</run_address>
         <size>0x14c</size>
         <input_file_ref idref="fl-3"/>
      </object_component>
      <object_component id="oc-1b">
         <name>.text:entry.obj</name>
         <load_address>0x10834</load_address>
         <run_address>0x10834</run_address>
         <size>0x114</size>
         <input_file_ref idref="fl-3"/>
      </object_component>
      <object_component id="oc-37d">
         <name>.text:console.obj</name>
         <load_address>0x10948</load_address>
         <run_address>0x10948</run_address>
         <size>0x110</size>
         <input_file_ref idref="fl-3"/>
      </object_component>
      <object_component id="oc-15e">
         <name>.text:strlen.obj</name>
         <load_address>0x10a58</load_address>
         <run_address>0x10a58</run_address>
         <size>0x100</size>
         <input_file_ref idref="fl-3"/>
      </object_component>
      <object_component id="oc-181">
         <name>.text:build/core/uaccess.obj</name>
         <load_address>0x10b58</load_address>
         <run_address>0x10b58</run_address>
         <size>0xf4</size>
         <input_file_ref idref="fl-3"/>
      </object_component>
      <object_component id="oc-54d">
         <name>.text:malloc</name>
         <load_address>0x10c4c</load_address>
         <run_address>0x10c4c</run_address>
         <size>0xd0</size>
         <input_file_ref idref="fl-de"/>
      </object_component>
      <object_component id="oc-219">
         <name>.text:time.obj</name>
         <load_address>0x10d1c</load_address>
         <run_address>0x10d1c</run_address>
         <size>0xc0</size>
         <input_file_ref idref="fl-3"/>
      </object_component>
      <object_component id="oc-59b">
         <name>.text:__TI_closefile</name>
         <load_address>0x10ddc</load_address>
         <run_address>0x10ddc</run_address>
         <size>0xb8</size>
         <input_file_ref idref="fl-e2"/>
      </object_component>
      <object_component id="oc-5bc">
         <name>.text:HOSTlseek</name>
         <load_address>0x10e94</load_address>
         <run_address>0x10e94</run_address>
         <size>0xac</size>
         <input_file_ref idref="fl-d7"/>
      </object_component>
      <object_component id="oc-2f2">
         <name>.text:fflush</name>
         <load_address>0x10f40</load_address>
         <run_address>0x10f40</run_address>
         <size>0xac</size>
         <input_file_ref idref="fl-ce"/>
      </object_component>
      <object_component id="oc-501">
         <name>.text:fseek</name>
         <load_address>0x10fec</load_address>
         <run_address>0x10fec</run_address>
         <size>0xa8</size>
         <input_file_ref idref="fl-d3"/>
      </object_component>
      <object_component id="oc-5c8">
         <name>.text:HOSTrename</name>
         <load_address>0x11094</load_address>
         <run_address>0x11094</run_address>
         <size>0xa4</size>
         <input_file_ref idref="fl-da"/>
      </object_component>
      <object_component id="oc-45a">
         <name>.text:__TI_wrt_ok</name>
         <load_address>0x11138</load_address>
         <run_address>0x11138</run_address>
         <size>0xa0</size>
         <input_file_ref idref="fl-d2"/>
      </object_component>
      <object_component id="oc-141">
         <name>.text:cswitch.obj</name>
         <load_address>0x111d8</load_address>
         <run_address>0x111d8</run_address>
         <size>0xa0</size>
         <input_file_ref idref="fl-3"/>
      </object_component>
      <object_component id="oc-5a4">
         <name>.text:HOSTopen</name>
         <load_address>0x11278</load_address>
         <run_address>0x11278</run_address>
         <size>0x98</size>
         <input_file_ref idref="fl-d8"/>
      </object_component>
      <object_component id="oc-5db">
         <name>.text:close</name>
         <load_address>0x11310</load_address>
         <run_address>0x11310</run_address>
         <size>0x98</size>
         <input_file_ref idref="fl-e6"/>
      </object_component>
      <object_component id="oc-27f">
         <name>.text</name>
         <load_address>0x113a8</load_address>
         <run_address>0x113a8</run_address>
         <size>0x98</size>
         <input_file_ref idref="fl-c1"/>
      </object_component>
      <object_component id="oc-5b0">
         <name>.text:HOSTread</name>
         <load_address>0x11440</load_address>
         <run_address>0x11440</run_address>
         <size>0x90</size>
         <input_file_ref idref="fl-d9"/>
      </object_component>
      <object_component id="oc-5b6">
         <name>.text:HOSTwrite</name>
         <load_address>0x114d0</load_address>
         <run_address>0x114d0</run_address>
         <size>0x90</size>
         <input_file_ref idref="fl-dc"/>
      </object_component>
      <object_component id="oc-e">
         <name>.text:decompress:lzss:__TI_decompress_lzss</name>
         <load_address>0x11560</load_address>
         <run_address>0x11560</run_address>
         <size>0x90</size>
         <input_file_ref idref="fl-c9"/>
      </object_component>
      <object_component id="oc-466">
         <name>.text:__TI_doflush</name>
         <load_address>0x115f0</load_address>
         <run_address>0x115f0</run_address>
         <size>0x84</size>
         <input_file_ref idref="fl-ce"/>
      </object_component>
      <object_component id="oc-5aa">
         <name>.text:HOSTclose</name>
         <load_address>0x11674</load_address>
         <run_address>0x11674</run_address>
         <size>0x74</size>
         <input_file_ref idref="fl-d6"/>
      </object_component>
      <object_component id="oc-5c2">
         <name>.text:HOSTunlink</name>
         <load_address>0x116e8</load_address>
         <run_address>0x116e8</run_address>
         <size>0x70</size>
         <input_file_ref idref="fl-db"/>
      </object_component>
      <object_component id="oc-4c6">
         <name>.text:cons.obj</name>
         <load_address>0x11758</load_address>
         <run_address>0x11758</run_address>
         <size>0x70</size>
         <input_file_ref idref="fl-4"/>
      </object_component>
      <object_component id="oc-460">
         <name>.text:memchr.obj</name>
         <load_address>0x117c8</load_address>
         <run_address>0x117c8</run_address>
         <size>0x70</size>
         <input_file_ref idref="fl-3"/>
      </object_component>
      <object_component id="oc-60e">
         <name>.text:getdevice</name>
         <load_address>0x11838</load_address>
         <run_address>0x11838</run_address>
         <size>0x6c</size>
         <input_file_ref idref="fl-e3"/>
      </object_component>
      <object_component id="oc-34">
         <name>.text:memcpy.obj</name>
         <load_address>0x118a4</load_address>
         <run_address>0x118a4</run_address>
         <size>0x6c</size>
         <input_file_ref idref="fl-3"/>
      </object_component>
      <object_component id="oc-58c">
         <name>.text:minsert</name>
         <load_address>0x11910</load_address>
         <run_address>0x11910</run_address>
         <size>0x6c</size>
         <input_file_ref idref="fl-de"/>
      </object_component>
      <object_component id="oc-121">
         <name>.text:mpu.obj</name>
         <load_address>0x1197c</load_address>
         <run_address>0x1197c</run_address>
         <size>0x6c</size>
         <input_file_ref idref="fl-3"/>
      </object_component>
      <object_component id="oc-246">
         <name>.text:__TI_auto_init_nobinit_nopinit:__TI_auto_init_nobinit_nopinit</name>
         <load_address>0x119e8</load_address>
         <run_address>0x119e8</run_address>
         <size>0x68</size>
         <input_file_ref idref="fl-c5"/>
      </object_component>
      <object_component id="oc-4d">
         <name>.text:arch.obj</name>
         <load_address>0x11a50</load_address>
         <run_address>0x11a50</run_address>
         <size>0x64</size>
         <input_file_ref idref="fl-3"/>
      </object_component>
      <object_component id="oc-85">
         <name>.text:memset.obj</name>
         <load_address>0x11ab4</load_address>
         <run_address>0x11ab4</run_address>
         <size>0x60</size>
         <input_file_ref idref="fl-3"/>
      </object_component>
      <object_component id="oc-580">
         <name>.text:minit</name>
         <load_address>0x11b14</load_address>
         <run_address>0x11b14</run_address>
         <size>0x5c</size>
         <input_file_ref idref="fl-de"/>
      </object_component>
      <object_component id="oc-1cd">
         <name>.text:build/arch/armv7/thread.obj</name>
         <load_address>0x11b70</load_address>
         <run_address>0x11b70</run_address>
         <size>0x58</size>
         <input_file_ref idref="fl-3"/>
      </object_component>
      <object_component id="oc-556">
         <name>.text:__TI_cleanup</name>
         <load_address>0x11bc8</load_address>
         <run_address>0x11bc8</run_address>
         <size>0x54</size>
         <input_file_ref idref="fl-df"/>
      </object_component>
      <object_component id="oc-5f0">
         <name>.text:__TI_readmsg</name>
         <load_address>0x11c1c</load_address>
         <run_address>0x11c1c</run_address>
         <size>0x54</size>
         <input_file_ref idref="fl-dd"/>
      </object_component>
      <object_component id="oc-5ea">
         <name>.text:__TI_writemsg</name>
         <load_address>0x11c70</load_address>
         <run_address>0x11c70</run_address>
         <size>0x54</size>
         <input_file_ref idref="fl-dd"/>
      </object_component>
      <object_component id="oc-53">
         <name>.text:boot.obj</name>
         <load_address>0x11cc4</load_address>
         <run_address>0x11cc4</run_address>
         <size>0x54</size>
         <input_file_ref idref="fl-3"/>
      </object_component>
      <object_component id="oc-630">
         <name>.text:finddevice</name>
         <load_address>0x11d18</load_address>
         <run_address>0x11d18</run_address>
         <size>0x54</size>
         <input_file_ref idref="fl-e3"/>
      </object_component>
      <object_component id="oc-1a6">
         <name>.text</name>
         <load_address>0x11d6c</load_address>
         <run_address>0x11d6c</run_address>
         <size>0x54</size>
         <input_file_ref idref="fl-c3"/>
      </object_component>
      <object_component id="oc-1ab">
         <name>.text:strchr.obj</name>
         <load_address>0x11dc0</load_address>
         <run_address>0x11dc0</run_address>
         <size>0x54</size>
         <input_file_ref idref="fl-3"/>
      </object_component>
      <object_component id="oc-5f">
         <name>.text:build/arch/armv7/syscall.obj</name>
         <load_address>0x11e14</load_address>
         <run_address>0x11e14</run_address>
         <size>0x50</size>
         <input_file_ref idref="fl-3"/>
      </object_component>
      <object_component id="oc-586">
         <name>.text:mremove</name>
         <load_address>0x11e64</load_address>
         <run_address>0x11e64</run_address>
         <size>0x48</size>
         <input_file_ref idref="fl-de"/>
      </object_component>
      <object_component id="oc-5e1">
         <name>.text:unlink</name>
         <load_address>0x11eac</load_address>
         <run_address>0x11eac</run_address>
         <size>0x48</size>
         <input_file_ref idref="fl-e5"/>
      </object_component>
      <object_component id="oc-53f">
         <name>.text:lseek</name>
         <load_address>0x11ef4</load_address>
         <run_address>0x11ef4</run_address>
         <size>0x44</size>
         <input_file_ref idref="fl-d4"/>
      </object_component>
      <object_component id="oc-4bd">
         <name>.text:partition_idle.obj</name>
         <load_address>0x11f38</load_address>
         <run_address>0x11f38</run_address>
         <size>0x44</size>
         <input_file_ref idref="fl-3"/>
      </object_component>
      <object_component id="oc-46c">
         <name>.text:write</name>
         <load_address>0x11f7c</load_address>
         <run_address>0x11f7c</run_address>
         <size>0x44</size>
         <input_file_ref idref="fl-d0"/>
      </object_component>
      <object_component id="oc-5a">
         <name>.text:interrupt.obj</name>
         <load_address>0x11fc0</load_address>
         <run_address>0x11fc0</run_address>
         <size>0x2c</size>
         <input_file_ref idref="fl-3"/>
      </object_component>
      <object_component id="oc-175">
         <name>.text:_abort_msg</name>
         <load_address>0x11fec</load_address>
         <run_address>0x11fec</run_address>
         <size>0x24</size>
         <input_file_ref idref="fl-cc"/>
      </object_component>
      <object_component id="oc-604">
         <name>.text:strcpy</name>
         <load_address>0x12010</load_address>
         <run_address>0x12010</run_address>
         <size>0x18</size>
         <input_file_ref idref="fl-e1"/>
      </object_component>
      <object_component id="oc-14">
         <name>.text:decompress:none:__TI_decompress_none</name>
         <load_address>0x12028</load_address>
         <run_address>0x12028</run_address>
         <size>0x14</size>
         <input_file_ref idref="fl-c8"/>
      </object_component>
      <object_component id="oc-47">
         <name>.text:decompress:ZI:__TI_zero_init</name>
         <load_address>0x1203c</load_address>
         <run_address>0x1203c</run_address>
         <size>0x10</size>
         <input_file_ref idref="fl-c7"/>
      </object_component>
      <object_component id="oc-16a">
         <name>.text</name>
         <load_address>0x1204c</load_address>
         <run_address>0x1204c</run_address>
         <size>0xc</size>
         <input_file_ref idref="fl-6"/>
      </object_component>
      <object_component id="oc-2f8">
         <name>.text:abort:abort</name>
         <load_address>0x12058</load_address>
         <run_address>0x12058</run_address>
         <size>0x8</size>
         <input_file_ref idref="fl-ca"/>
      </object_component>
      <object_component id="oc-517">
         <name>.text:_nop</name>
         <load_address>0x12060</load_address>
         <run_address>0x12060</run_address>
         <size>0x4</size>
         <input_file_ref idref="fl-cb"/>
      </object_component>
      <object_component id="oc-375">
         <name>.text</name>
         <load_address>0x12064</load_address>
         <run_address>0x12064</run_address>
         <size>0x4</size>
         <input_file_ref idref="fl-d1"/>
      </object_component>
      <object_component id="oc-276">
         <name>.const:vim_table:vim.obj</name>
         <load_address>0x12080</load_address>
         <run_address>0x12080</run_address>
         <size>0x200</size>
         <input_file_ref idref="fl-4"/>
      </object_component>
      <object_component id="oc-38c">
         <name>.const:.string:monitor.obj</name>
         <load_address>0x12280</load_address>
         <run_address>0x12280</run_address>
         <size>0x150</size>
         <input_file_ref idref="fl-3"/>
      </object_component>
      <object_component id="oc-317">
         <name>.const:.string</name>
         <load_address>0x123d0</load_address>
         <run_address>0x123d0</run_address>
         <size>0x9c</size>
         <input_file_ref idref="fl-8"/>
      </object_component>
      <object_component id="oc-32a">
         <name>.const:partition_thread_error_info_0</name>
         <load_address>0x1246c</load_address>
         <run_address>0x1246c</run_address>
         <size>0x80</size>
         <input_file_ref idref="fl-8"/>
      </object_component>
      <object_component id="oc-33c">
         <name>.const:partition_thread_error_info_1</name>
         <load_address>0x124ec</load_address>
         <run_address>0x124ec</run_address>
         <size>0x80</size>
         <input_file_ref idref="fl-8"/>
      </object_component>
      <object_component id="oc-32d">
         <name>.const:partition_hm_table_0</name>
         <load_address>0x1256c</load_address>
         <run_address>0x1256c</run_address>
         <size>0x70</size>
         <input_file_ref idref="fl-8"/>
      </object_component>
      <object_component id="oc-33f">
         <name>.const:partition_hm_table_1</name>
         <load_address>0x125dc</load_address>
         <run_address>0x125dc</run_address>
         <size>0x70</size>
         <input_file_ref idref="fl-8"/>
      </object_component>
      <object_component id="oc-190">
         <name>.const:arinc_sched_ops:partition_arinc.obj</name>
         <load_address>0x1264c</load_address>
         <run_address>0x1264c</run_address>
         <size>0x4</size>
         <input_file_ref idref="fl-3"/>
      </object_component>
      <object_component id="oc-1e2">
         <name>.const:pok_module_sched</name>
         <load_address>0x12650</load_address>
         <run_address>0x12650</run_address>
         <size>0x40</size>
         <input_file_ref idref="fl-8"/>
      </object_component>
      <object_component id="oc-2aa">
         <name>.const:.string:digits:printf.obj</name>
         <load_address>0x12690</load_address>
         <run_address>0x12690</run_address>
         <size>0x11</size>
         <input_file_ref idref="fl-3"/>
      </object_component>
      <object_component id="oc-4d4">
         <name>.const:.string:error_arinc.obj</name>
         <load_address>0x126a4</load_address>
         <run_address>0x126a4</run_address>
         <size>0x10</size>
         <input_file_ref idref="fl-3"/>
      </object_component>
      <object_component id="oc-1c0">
         <name>.const:partition_sched_ops_kernel:partition.obj</name>
         <load_address>0x126b4</load_address>
         <run_address>0x126b4</run_address>
         <size>0x4</size>
         <input_file_ref idref="fl-3"/>
      </object_component>
      <object_component id="oc-193">
         <name>.const</name>
         <load_address>0x126b8</load_address>
         <run_address>0x126b8</run_address>
         <size>0x10</size>
         <input_file_ref idref="fl-8"/>
      </object_component>
      <object_component id="oc-327">
         <name>.const:partition_hm_selector_0</name>
         <load_address>0x126c8</load_address>
         <run_address>0x126c8</run_address>
         <size>0x10</size>
         <input_file_ref idref="fl-8"/>
      </object_component>
      <object_component id="oc-339">
         <name>.const:partition_hm_selector_1</name>
         <load_address>0x126d8</load_address>
         <run_address>0x126d8</run_address>
         <size>0x10</size>
         <input_file_ref idref="fl-8"/>
      </object_component>
      <object_component id="oc-3d4">
         <name>.const:.string:partition_idle.obj</name>
         <load_address>0x126e8</load_address>
         <run_address>0x126e8</run_address>
         <size>0x8</size>
         <input_file_ref idref="fl-3"/>
      </object_component>
      <object_component id="oc-18d">
         <name>.const:arinc_ops:partition_arinc.obj</name>
         <load_address>0x126f0</load_address>
         <run_address>0x126f0</run_address>
         <size>0x8</size>
         <input_file_ref idref="fl-3"/>
      </object_component>
      <object_component id="oc-1c3">
         <name>.const:monitor_operations:monitor.obj</name>
         <load_address>0x126f8</load_address>
         <run_address>0x126f8</run_address>
         <size>0x8</size>
         <input_file_ref idref="fl-3"/>
      </object_component>
      <object_component id="oc-3d1">
         <name>.const:partition_idle_operations:partition_idle.obj</name>
         <load_address>0x12700</load_address>
         <run_address>0x12700</run_address>
         <size>0x8</size>
         <input_file_ref idref="fl-3"/>
      </object_component>
      <object_component id="oc-675">
         <name>.cinit..data.load</name>
         <load_address>0x12f08</load_address>
         <run_address>0x12f08</run_address>
         <size>0x1e8</size>
      </object_component>
      <object_component id="oc-671">
         <name>__TI_handler_table</name>
         <load_address>0x130f0</load_address>
         <run_address>0x130f0</run_address>
         <size>0xc</size>
      </object_component>
      <object_component id="oc-674">
         <name>.cinit..bss.load</name>
         <load_address>0x13100</load_address>
         <run_address>0x13100</run_address>
         <size>0x8</size>
      </object_component>
      <object_component id="oc-673">
         <name>.cinit..sysheap.load</name>
         <load_address>0x13108</load_address>
         <run_address>0x13108</run_address>
         <size>0x8</size>
      </object_component>
      <object_component id="oc-672">
         <name>__TI_cinit_table</name>
         <load_address>0x13110</load_address>
         <run_address>0x13110</run_address>
         <size>0x18</size>
      </object_component>
      <object_component id="oc-1d3">
         <name>.shared_code:space_asm.obj</name>
         <load_address>0x100000</load_address>
         <run_address>0x100000</run_address>
         <size>0x20</size>
         <input_file_ref idref="fl-3"/>
      </object_component>
      <object_component id="oc-2cc">
         <name>.sysheap:build/arch/armv7/alloc.obj</name>
         <uninitialized>true</uninitialized>
         <run_address>0x8004000</run_address>
         <size>0x1</size>
         <input_file_ref idref="fl-3"/>
      </object_component>
      <object_component id="oc-1df">
         <name>.bss:sched.obj</name>
         <uninitialized>true</uninitialized>
         <run_address>0x800b740</run_address>
         <size>0x1c</size>
         <input_file_ref idref="fl-3"/>
      </object_component>
      <object_component id="oc-4ae">
         <name>.bss:cons:console.obj</name>
         <uninitialized>true</uninitialized>
         <run_address>0x800b2f0</run_address>
         <size>0x208</size>
         <input_file_ref idref="fl-3"/>
      </object_component>
      <object_component id="oc-383">
         <name>.bss:buf:readline.obj</name>
         <uninitialized>true</uninitialized>
         <run_address>0x800a894</run_address>
         <size>0x400</size>
         <input_file_ref idref="fl-3"/>
      </object_component>
      <object_component id="oc-2a9">
         <name>.bss:res$1:printf.obj</name>
         <uninitialized>true</uninitialized>
         <run_address>0x800b6b8</run_address>
         <size>0x84</size>
         <input_file_ref idref="fl-3"/>
      </object_component>
      <object_component id="oc-1d8">
         <name>.bss:.common</name>
         <uninitialized>true</uninitialized>
         <run_address>0x8008000</run_address>
         <size>0x2894</size>
         <input_file_ref idref="fl-3"/>
      </object_component>
      <object_component id="oc-284">
         <name>.bss:.common</name>
         <uninitialized>true</uninitialized>
         <run_address>0x800b75c</run_address>
         <size>0x8</size>
         <input_file_ref idref="fl-4"/>
      </object_component>
      <object_component id="oc-31e">
         <name>.bss:partition_threads_0</name>
         <uninitialized>true</uninitialized>
         <run_address>0x800b038</run_address>
         <size>0x2b8</size>
         <input_file_ref idref="fl-8"/>
      </object_component>
      <object_component id="oc-324">
         <name>.bss:partition_ports_sampling_0</name>
         <uninitialized>true</uninitialized>
         <run_address>0x8008000</run_address>
         <size>0x0</size>
         <input_file_ref idref="fl-8"/>
      </object_component>
      <object_component id="oc-330">
         <name>.bss:partition_threads_1</name>
         <uninitialized>true</uninitialized>
         <run_address>0x800ac98</run_address>
         <size>0x3a0</size>
         <input_file_ref idref="fl-8"/>
      </object_component>
      <object_component id="oc-336">
         <name>.bss:partition_ports_sampling_1</name>
         <uninitialized>true</uninitialized>
         <run_address>0x8008000</run_address>
         <size>0x0</size>
         <input_file_ref idref="fl-8"/>
      </object_component>
      <object_component id="oc-618">
         <name>.bss:_CIOBUF_</name>
         <uninitialized>true</uninitialized>
         <run_address>0x800b4f8</run_address>
         <size>0x120</size>
         <input_file_ref idref="fl-dd"/>
      </object_component>
      <object_component id="oc-1f1">
         <name>.common:pok_channels_sampling</name>
         <uninitialized>true</uninitialized>
         <run_address>0x8008000</run_address>
         <size>0x0</size>
      </object_component>
      <object_component id="oc-3fb">
         <name>.common:jet_memory_blocks</name>
         <uninitialized>true</uninitialized>
         <run_address>0x8008000</run_address>
         <size>0x0</size>
      </object_component>
      <object_component id="oc-5e7">
         <name>.common:__TI_tmpnams</name>
         <uninitialized>true</uninitialized>
         <run_address>0x800b618</run_address>
         <size>0xa0</size>
      </object_component>
      <object_component id="oc-5f6">
         <name>.common:parmbuf</name>
         <uninitialized>true</uninitialized>
         <run_address>0x800b764</run_address>
         <size>0x8</size>
      </object_component>
      <object_component id="oc-132">
         <name>.data:space.obj</name>
         <load_address>0x800bec7</load_address>
         <run_address>0x800bec7</run_address>
         <size>0x1</size>
         <input_file_ref idref="fl-3"/>
      </object_component>
      <object_component id="oc-c1">
         <name>.data:error.obj</name>
         <load_address>0x800bec6</load_address>
         <run_address>0x800bec6</run_address>
         <size>0x1</size>
         <input_file_ref idref="fl-3"/>
      </object_component>
      <object_component id="oc-318">
         <name>.data:pok_hm_multi_partition_selector_default:error.obj</name>
         <load_address>0x800bf18</load_address>
         <run_address>0x800bf18</run_address>
         <size>0x10</size>
         <input_file_ref idref="fl-3"/>
      </object_component>
      <object_component id="oc-31b">
         <name>.data:pok_hm_multi_partition_table_default:error.obj</name>
         <load_address>0x800bda8</load_address>
         <run_address>0x800bda8</run_address>
         <size>0x70</size>
         <input_file_ref idref="fl-3"/>
      </object_component>
      <object_component id="oc-1e5">
         <name>.data:partition_idle:partition_idle.obj</name>
         <load_address>0x800bc58</load_address>
         <run_address>0x800bc58</run_address>
         <size>0x70</size>
         <input_file_ref idref="fl-3"/>
      </object_component>
      <object_component id="oc-187">
         <name>.data:sched.obj</name>
         <load_address>0x800bf8c</load_address>
         <run_address>0x800bf8c</run_address>
         <size>0xc</size>
         <input_file_ref idref="fl-3"/>
      </object_component>
      <object_component id="oc-3f1">
         <name>.data:error_arinc.obj</name>
         <load_address>0x800bfb0</load_address>
         <run_address>0x800bfb0</run_address>
         <size>0x4</size>
         <input_file_ref idref="fl-3"/>
      </object_component>
      <object_component id="oc-18a">
         <name>.data:main_thread_name:partition_arinc.obj</name>
         <load_address>0x800bea8</load_address>
         <run_address>0x800bea8</run_address>
         <size>0x1e</size>
         <input_file_ref idref="fl-3"/>
      </object_component>
      <object_component id="oc-1fb">
         <name>.data:jet_stream_null:cons.obj</name>
         <load_address>0x800bf74</load_address>
         <run_address>0x800bf74</run_address>
         <size>0xc</size>
         <input_file_ref idref="fl-3"/>
      </object_component>
      <object_component id="oc-201">
         <name>.data:cons.obj</name>
         <load_address>0x800bfa0</load_address>
         <run_address>0x800bfa0</run_address>
         <size>0x8</size>
         <input_file_ref idref="fl-3"/>
      </object_component>
      <object_component id="oc-386">
         <name>.data:readline.obj</name>
         <load_address>0x800bf80</load_address>
         <run_address>0x800bf80</run_address>
         <size>0xc</size>
         <input_file_ref idref="fl-3"/>
      </object_component>
      <object_component id="oc-1b7">
         <name>.data:monitor.obj</name>
         <load_address>0x800bfa8</load_address>
         <run_address>0x800bfa8</run_address>
         <size>0x8</size>
         <input_file_ref idref="fl-3"/>
      </object_component>
      <object_component id="oc-1ba">
         <name>.data:commands:monitor.obj</name>
         <load_address>0x800bb50</load_address>
         <run_address>0x800bb50</run_address>
         <size>0x90</size>
         <input_file_ref idref="fl-3"/>
      </object_component>
      <object_component id="oc-287">
         <name>.data:rti.obj</name>
         <load_address>0x800bfb8</load_address>
         <run_address>0x800bfb8</run_address>
         <size>0x4</size>
         <input_file_ref idref="fl-4"/>
      </object_component>
      <object_component id="oc-3e4">
         <name>.data:arm_stream_main:cons.obj</name>
         <load_address>0x800bf5c</load_address>
         <run_address>0x800bf5c</run_address>
         <size>0xc</size>
         <input_file_ref idref="fl-4"/>
      </object_component>
      <object_component id="oc-3e7">
         <name>.data:arm_stream_debug:cons.obj</name>
         <load_address>0x800bf50</load_address>
         <run_address>0x800bf50</run_address>
         <size>0xc</size>
         <input_file_ref idref="fl-4"/>
      </object_component>
      <object_component id="oc-1fe">
         <name>.data:cons.obj</name>
         <load_address>0x800bef8</load_address>
         <run_address>0x800bef8</run_address>
         <size>0x10</size>
         <input_file_ref idref="fl-4"/>
      </object_component>
      <object_component id="oc-2d1">
         <name>.data:pok_elf_sizes</name>
         <load_address>0x800bfb4</load_address>
         <run_address>0x800bfb4</run_address>
         <size>0x4</size>
         <input_file_ref idref="fl-7"/>
      </object_component>
      <object_component id="oc-400">
         <name>.data:pok_hm_module_selector</name>
         <load_address>0x800bf08</load_address>
         <run_address>0x800bf08</run_address>
         <size>0x10</size>
         <input_file_ref idref="fl-8"/>
      </object_component>
      <object_component id="oc-403">
         <name>.data:pok_hm_module_table</name>
         <load_address>0x800bd38</load_address>
         <run_address>0x800bd38</run_address>
         <size>0x70</size>
         <input_file_ref idref="fl-8"/>
      </object_component>
      <object_component id="oc-1ee">
         <name>.data:pok_channels_queuing</name>
         <load_address>0x800be68</load_address>
         <run_address>0x800be68</run_address>
         <size>0x40</size>
         <input_file_ref idref="fl-8"/>
      </object_component>
      <object_component id="oc-12c">
         <name>.data</name>
         <load_address>0x800bf68</load_address>
         <run_address>0x800bf68</run_address>
         <size>0xc</size>
         <input_file_ref idref="fl-8"/>
      </object_component>
      <object_component id="oc-321">
         <name>.data:partition_ports_queuing_0</name>
         <load_address>0x800bec8</load_address>
         <run_address>0x800bec8</run_address>
         <size>0x18</size>
         <input_file_ref idref="fl-8"/>
      </object_component>
      <object_component id="oc-333">
         <name>.data:partition_ports_queuing_1</name>
         <load_address>0x800bee0</load_address>
         <run_address>0x800bee0</run_address>
         <size>0x18</size>
         <input_file_ref idref="fl-8"/>
      </object_component>
      <object_component id="oc-196">
         <name>.data:pok_partitions_arinc</name>
         <load_address>0x800b770</load_address>
         <run_address>0x800b770</run_address>
         <size>0x1f0</size>
         <input_file_ref idref="fl-8"/>
      </object_component>
      <object_component id="oc-1bd">
         <name>.data:partition_monitor</name>
         <load_address>0x800bcc8</load_address>
         <run_address>0x800bcc8</run_address>
         <size>0x70</size>
         <input_file_ref idref="fl-8"/>
      </object_component>
      <object_component id="oc-12f">
         <name>.data:ja_spaces</name>
         <load_address>0x800b960</load_address>
         <run_address>0x800b960</run_address>
         <size>0x100</size>
         <input_file_ref idref="fl-8"/>
      </object_component>
      <object_component id="oc-553">
         <name>.data:$O1$$</name>
         <load_address>0x800bf38</load_address>
         <run_address>0x800bf38</run_address>
         <size>0xc</size>
         <input_file_ref idref="fl-ca"/>
      </object_component>
      <object_component id="oc-472">
         <name>.data:$O1$$</name>
         <load_address>0x800bf98</load_address>
         <run_address>0x800bf98</run_address>
         <size>0x8</size>
         <input_file_ref idref="fl-cb"/>
      </object_component>
      <object_component id="oc-2fe">
         <name>.data:_ftable</name>
         <load_address>0x800ba60</load_address>
         <run_address>0x800ba60</run_address>
         <size>0xf0</size>
         <input_file_ref idref="fl-cd"/>
      </object_component>
      <object_component id="oc-477">
         <name>.data</name>
         <load_address>0x800bf28</load_address>
         <run_address>0x800bf28</run_address>
         <size>0x10</size>
         <input_file_ref idref="fl-cd"/>
      </object_component>
      <object_component id="oc-567">
         <name>.data:_device</name>
         <load_address>0x800bbe0</load_address>
         <run_address>0x800bbe0</run_address>
         <size>0x78</size>
         <input_file_ref idref="fl-d0"/>
      </object_component>
      <object_component id="oc-512">
         <name>.data:_stream</name>
         <load_address>0x800be18</load_address>
         <run_address>0x800be18</run_address>
         <size>0x50</size>
         <input_file_ref idref="fl-d0"/>
      </object_component>
      <object_component id="oc-592">
         <name>.data:$O1$$</name>
         <load_address>0x800bf44</load_address>
         <run_address>0x800bf44</run_address>
         <size>0xc</size>
         <input_file_ref idref="fl-de"/>
      </object_component>
      <object_component id="oc-2f">
         <name>.debug_info</name>
         <load_address>0x0</load_address>
         <run_address>0x0</run_address>
         <size>0x84</size>
         <input_file_ref idref="fl-2"/>
      </object_component>
      <object_component id="oc-72">
         <name>.debug_info</name>
         <load_address>0x84</load_address>
         <run_address>0x84</run_address>
         <size>0x53</size>
         <input_file_ref idref="fl-2"/>
      </object_component>
      <object_component id="oc-241">
         <name>.debug_info</name>
         <load_address>0xd7</load_address>
         <run_address>0xd7</run_address>
         <size>0x2d9</size>
         <input_file_ref idref="fl-3"/>
      </object_component>
      <object_component id="oc-306">
         <name>.debug_info</name>
         <load_address>0x3b0</load_address>
         <run_address>0x3b0</run_address>
         <size>0x529</size>
         <input_file_ref idref="fl-3"/>
      </object_component>
      <object_component id="oc-19b">
         <name>.debug_info</name>
         <load_address>0x8d9</load_address>
         <run_address>0x8d9</run_address>
         <size>0xe9</size>
         <input_file_ref idref="fl-3"/>
      </object_component>
      <object_component id="oc-36e">
         <name>.debug_info</name>
         <load_address>0x9c2</load_address>
         <run_address>0x9c2</run_address>
         <size>0x5a</size>
         <input_file_ref idref="fl-3"/>
      </object_component>
      <object_component id="oc-9e">
         <name>.debug_info</name>
         <load_address>0xa1c</load_address>
         <run_address>0xa1c</run_address>
         <size>0x125</size>
         <input_file_ref idref="fl-3"/>
      </object_component>
      <object_component id="oc-f7">
         <name>.debug_info</name>
         <load_address>0xb41</load_address>
         <run_address>0xb41</run_address>
         <size>0x26b</size>
         <input_file_ref idref="fl-3"/>
      </object_component>
      <object_component id="oc-237">
         <name>.debug_info</name>
         <load_address>0xdac</load_address>
         <run_address>0xdac</run_address>
         <size>0x1c1</size>
         <input_file_ref idref="fl-3"/>
      </object_component>
      <object_component id="oc-227">
         <name>.debug_info</name>
         <load_address>0xf6d</load_address>
         <run_address>0xf6d</run_address>
         <size>0x297</size>
         <input_file_ref idref="fl-3"/>
      </object_component>
      <object_component id="oc-d2">
         <name>.debug_info</name>
         <load_address>0x1204</load_address>
         <run_address>0x1204</run_address>
         <size>0xbb</size>
         <input_file_ref idref="fl-3"/>
      </object_component>
      <object_component id="oc-137">
         <name>.debug_info</name>
         <load_address>0x12bf</load_address>
         <run_address>0x12bf</run_address>
         <size>0x7f</size>
         <input_file_ref idref="fl-3"/>
      </object_component>
      <object_component id="oc-1e9">
         <name>.debug_info</name>
         <load_address>0x133e</load_address>
         <run_address>0x133e</run_address>
         <size>0x2c</size>
         <input_file_ref idref="fl-3"/>
      </object_component>
      <object_component id="oc-13c">
         <name>.debug_info</name>
         <load_address>0x136a</load_address>
         <run_address>0x136a</run_address>
         <size>0x2c</size>
         <input_file_ref idref="fl-3"/>
      </object_component>
      <object_component id="oc-2c6">
         <name>.debug_info</name>
         <load_address>0x1396</load_address>
         <run_address>0x1396</run_address>
         <size>0x11d</size>
         <input_file_ref idref="fl-3"/>
      </object_component>
      <object_component id="oc-22e">
         <name>.debug_info</name>
         <load_address>0x14b3</load_address>
         <run_address>0x14b3</run_address>
         <size>0x28</size>
         <input_file_ref idref="fl-3"/>
      </object_component>
      <object_component id="oc-23c">
         <name>.debug_info</name>
         <load_address>0x14db</load_address>
         <run_address>0x14db</run_address>
         <size>0x8b</size>
         <input_file_ref idref="fl-3"/>
      </object_component>
      <object_component id="oc-d7">
         <name>.debug_info</name>
         <load_address>0x1566</load_address>
         <run_address>0x1566</run_address>
         <size>0x3b6</size>
         <input_file_ref idref="fl-3"/>
      </object_component>
      <object_component id="oc-62">
         <name>.debug_info</name>
         <load_address>0x191c</load_address>
         <run_address>0x191c</run_address>
         <size>0x1e6</size>
         <input_file_ref idref="fl-3"/>
      </object_component>
      <object_component id="oc-40a">
         <name>.debug_info</name>
         <load_address>0x1b02</load_address>
         <run_address>0x1b02</run_address>
         <size>0x165</size>
         <input_file_ref idref="fl-3"/>
      </object_component>
      <object_component id="oc-414">
         <name>.debug_info</name>
         <load_address>0x1c67</load_address>
         <run_address>0x1c67</run_address>
         <size>0x9b</size>
         <input_file_ref idref="fl-3"/>
      </object_component>
      <object_component id="oc-cd">
         <name>.debug_info</name>
         <load_address>0x1d02</load_address>
         <run_address>0x1d02</run_address>
         <size>0x151</size>
         <input_file_ref idref="fl-3"/>
      </object_component>
      <object_component id="oc-dd">
         <name>.debug_info</name>
         <load_address>0x1e53</load_address>
         <run_address>0x1e53</run_address>
         <size>0x220</size>
         <input_file_ref idref="fl-3"/>
      </object_component>
      <object_component id="oc-40f">
         <name>.debug_info</name>
         <load_address>0x2073</load_address>
         <run_address>0x2073</run_address>
         <size>0x191</size>
         <input_file_ref idref="fl-3"/>
      </object_component>
      <object_component id="oc-d8">
         <name>.debug_info</name>
         <load_address>0x2204</load_address>
         <run_address>0x2204</run_address>
         <size>0x101</size>
         <input_file_ref idref="fl-3"/>
      </object_component>
      <object_component id="oc-3f6">
         <name>.debug_info</name>
         <load_address>0x2305</load_address>
         <run_address>0x2305</run_address>
         <size>0x93</size>
         <input_file_ref idref="fl-3"/>
      </object_component>
      <object_component id="oc-1c8">
         <name>.debug_info</name>
         <load_address>0x2398</load_address>
         <run_address>0x2398</run_address>
         <size>0x9c</size>
         <input_file_ref idref="fl-3"/>
      </object_component>
      <object_component id="oc-2b4">
         <name>.debug_info</name>
         <load_address>0x2434</load_address>
         <run_address>0x2434</run_address>
         <size>0xbb</size>
         <input_file_ref idref="fl-3"/>
      </object_component>
      <object_component id="oc-232">
         <name>.debug_info</name>
         <load_address>0x24ef</load_address>
         <run_address>0x24ef</run_address>
         <size>0x2e4</size>
         <input_file_ref idref="fl-3"/>
      </object_component>
      <object_component id="oc-2b9">
         <name>.debug_info</name>
         <load_address>0x27d3</load_address>
         <run_address>0x27d3</run_address>
         <size>0x2c</size>
         <input_file_ref idref="fl-3"/>
      </object_component>
      <object_component id="oc-136">
         <name>.debug_info</name>
         <load_address>0x27ff</load_address>
         <run_address>0x27ff</run_address>
         <size>0x512</size>
         <input_file_ref idref="fl-3"/>
      </object_component>
      <object_component id="oc-133">
         <name>.debug_info</name>
         <load_address>0x2d11</load_address>
         <run_address>0x2d11</run_address>
         <size>0xf1</size>
         <input_file_ref idref="fl-3"/>
      </object_component>
      <object_component id="oc-9b">
         <name>.debug_info</name>
         <load_address>0x2e02</load_address>
         <run_address>0x2e02</run_address>
         <size>0xcd7</size>
         <input_file_ref idref="fl-3"/>
      </object_component>
      <object_component id="oc-29e">
         <name>.debug_info</name>
         <load_address>0x3ad9</load_address>
         <run_address>0x3ad9</run_address>
         <size>0x29b</size>
         <input_file_ref idref="fl-3"/>
      </object_component>
      <object_component id="oc-3b6">
         <name>.debug_info</name>
         <load_address>0x3d74</load_address>
         <run_address>0x3d74</run_address>
         <size>0x2f4</size>
         <input_file_ref idref="fl-3"/>
      </object_component>
      <object_component id="oc-1cf">
         <name>.debug_info</name>
         <load_address>0x4068</load_address>
         <run_address>0x4068</run_address>
         <size>0x191</size>
         <input_file_ref idref="fl-3"/>
      </object_component>
      <object_component id="oc-4b8">
         <name>.debug_info</name>
         <load_address>0x41f9</load_address>
         <run_address>0x41f9</run_address>
         <size>0x69</size>
         <input_file_ref idref="fl-3"/>
      </object_component>
      <object_component id="oc-2d0">
         <name>.debug_info</name>
         <load_address>0x4262</load_address>
         <run_address>0x4262</run_address>
         <size>0x2ce</size>
         <input_file_ref idref="fl-3"/>
      </object_component>
      <object_component id="oc-2cd">
         <name>.debug_info</name>
         <load_address>0x4530</load_address>
         <run_address>0x4530</run_address>
         <size>0xe2</size>
         <input_file_ref idref="fl-3"/>
      </object_component>
      <object_component id="oc-14a">
         <name>.debug_info</name>
         <load_address>0x4612</load_address>
         <run_address>0x4612</run_address>
         <size>0x51d</size>
         <input_file_ref idref="fl-3"/>
      </object_component>
      <object_component id="oc-364">
         <name>.debug_info</name>
         <load_address>0x4b2f</load_address>
         <run_address>0x4b2f</run_address>
         <size>0x4e</size>
         <input_file_ref idref="fl-3"/>
      </object_component>
      <object_component id="oc-51">
         <name>.debug_info</name>
         <load_address>0x4b7d</load_address>
         <run_address>0x4b7d</run_address>
         <size>0x3b0</size>
         <input_file_ref idref="fl-3"/>
      </object_component>
      <object_component id="oc-30c">
         <name>.debug_info</name>
         <load_address>0x4f2d</load_address>
         <run_address>0x4f2d</run_address>
         <size>0x469</size>
         <input_file_ref idref="fl-3"/>
      </object_component>
      <object_component id="oc-182">
         <name>.debug_info</name>
         <load_address>0x5396</load_address>
         <run_address>0x5396</run_address>
         <size>0x3e5</size>
         <input_file_ref idref="fl-3"/>
      </object_component>
      <object_component id="oc-226">
         <name>.debug_info</name>
         <load_address>0x577b</load_address>
         <run_address>0x577b</run_address>
         <size>0x127a</size>
         <input_file_ref idref="fl-3"/>
      </object_component>
      <object_component id="oc-c8">
         <name>.debug_info</name>
         <load_address>0x69f5</load_address>
         <run_address>0x69f5</run_address>
         <size>0x3699</size>
         <input_file_ref idref="fl-3"/>
      </object_component>
      <object_component id="oc-3ba">
         <name>.debug_info</name>
         <load_address>0xa08e</load_address>
         <run_address>0xa08e</run_address>
         <size>0x9a</size>
         <input_file_ref idref="fl-3"/>
      </object_component>
      <object_component id="oc-3ab">
         <name>.debug_info</name>
         <load_address>0xa128</load_address>
         <run_address>0xa128</run_address>
         <size>0x365</size>
         <input_file_ref idref="fl-3"/>
      </object_component>
      <object_component id="oc-355">
         <name>.debug_info</name>
         <load_address>0xa48d</load_address>
         <run_address>0xa48d</run_address>
         <size>0xc1</size>
         <input_file_ref idref="fl-3"/>
      </object_component>
      <object_component id="oc-397">
         <name>.debug_info</name>
         <load_address>0xa54e</load_address>
         <run_address>0xa54e</run_address>
         <size>0x25b</size>
         <input_file_ref idref="fl-3"/>
      </object_component>
      <object_component id="oc-39c">
         <name>.debug_info</name>
         <load_address>0xa7a9</load_address>
         <run_address>0xa7a9</run_address>
         <size>0x13d</size>
         <input_file_ref idref="fl-3"/>
      </object_component>
      <object_component id="oc-2e0">
         <name>.debug_info</name>
         <load_address>0xa8e6</load_address>
         <run_address>0xa8e6</run_address>
         <size>0xc0</size>
         <input_file_ref idref="fl-3"/>
      </object_component>
      <object_component id="oc-28b">
         <name>.debug_info</name>
         <load_address>0xa9a6</load_address>
         <run_address>0xa9a6</run_address>
         <size>0x6f</size>
         <input_file_ref idref="fl-3"/>
      </object_component>
      <object_component id="oc-3a6">
         <name>.debug_info</name>
         <load_address>0xaa15</load_address>
         <run_address>0xaa15</run_address>
         <size>0x2d5</size>
         <input_file_ref idref="fl-3"/>
      </object_component>
      <object_component id="oc-3c1">
         <name>.debug_info</name>
         <load_address>0xacea</load_address>
         <run_address>0xacea</run_address>
         <size>0x55</size>
         <input_file_ref idref="fl-3"/>
      </object_component>
      <object_component id="oc-3b0">
         <name>.debug_info</name>
         <load_address>0xad3f</load_address>
         <run_address>0xad3f</run_address>
         <size>0x69</size>
         <input_file_ref idref="fl-3"/>
      </object_component>
      <object_component id="oc-369">
         <name>.debug_info</name>
         <load_address>0xada8</load_address>
         <run_address>0xada8</run_address>
         <size>0x55</size>
         <input_file_ref idref="fl-3"/>
      </object_component>
      <object_component id="oc-3fd">
         <name>.debug_info</name>
         <load_address>0xadfd</load_address>
         <run_address>0xadfd</run_address>
         <size>0x442</size>
         <input_file_ref idref="fl-3"/>
      </object_component>
      <object_component id="oc-215">
         <name>.debug_info</name>
         <load_address>0xb23f</load_address>
         <run_address>0xb23f</run_address>
         <size>0x1c9</size>
         <input_file_ref idref="fl-3"/>
      </object_component>
      <object_component id="oc-3db">
         <name>.debug_info</name>
         <load_address>0xb408</load_address>
         <run_address>0xb408</run_address>
         <size>0xa6</size>
         <input_file_ref idref="fl-3"/>
      </object_component>
      <object_component id="oc-3ff">
         <name>.debug_info</name>
         <load_address>0xb4ae</load_address>
         <run_address>0xb4ae</run_address>
         <size>0x42b</size>
         <input_file_ref idref="fl-3"/>
      </object_component>
      <object_component id="oc-21c">
         <name>.debug_info</name>
         <load_address>0xb8d9</load_address>
         <run_address>0xb8d9</run_address>
         <size>0x2c5</size>
         <input_file_ref idref="fl-3"/>
      </object_component>
      <object_component id="oc-2eb">
         <name>.debug_info</name>
         <load_address>0xbb9e</load_address>
         <run_address>0xbb9e</run_address>
         <size>0xa25</size>
         <input_file_ref idref="fl-3"/>
      </object_component>
      <object_component id="oc-172">
         <name>.debug_info</name>
         <load_address>0xc5c3</load_address>
         <run_address>0xc5c3</run_address>
         <size>0x14ab</size>
         <input_file_ref idref="fl-3"/>
      </object_component>
      <object_component id="oc-407">
         <name>.debug_info</name>
         <load_address>0xda6e</load_address>
         <run_address>0xda6e</run_address>
         <size>0x4df</size>
         <input_file_ref idref="fl-3"/>
      </object_component>
      <object_component id="oc-c2">
         <name>.debug_info</name>
         <load_address>0xdf4d</load_address>
         <run_address>0xdf4d</run_address>
         <size>0xe3</size>
         <input_file_ref idref="fl-3"/>
      </object_component>
      <object_component id="oc-319">
         <name>.debug_info</name>
         <load_address>0xe030</load_address>
         <run_address>0xe030</run_address>
         <size>0x119</size>
         <input_file_ref idref="fl-3"/>
      </object_component>
      <object_component id="oc-31c">
         <name>.debug_info</name>
         <load_address>0xe149</load_address>
         <run_address>0xe149</run_address>
         <size>0x113</size>
         <input_file_ref idref="fl-3"/>
      </object_component>
      <object_component id="oc-222">
         <name>.debug_info</name>
         <load_address>0xe25c</load_address>
         <run_address>0xe25c</run_address>
         <size>0x9d2</size>
         <input_file_ref idref="fl-3"/>
      </object_component>
      <object_component id="oc-304">
         <name>.debug_info</name>
         <load_address>0xec2e</load_address>
         <run_address>0xec2e</run_address>
         <size>0x571</size>
         <input_file_ref idref="fl-3"/>
      </object_component>
      <object_component id="oc-1c1">
         <name>.debug_info</name>
         <load_address>0xf19f</load_address>
         <run_address>0xf19f</run_address>
         <size>0x103</size>
         <input_file_ref idref="fl-3"/>
      </object_component>
      <object_component id="oc-17c">
         <name>.debug_info</name>
         <load_address>0xf2a2</load_address>
         <run_address>0xf2a2</run_address>
         <size>0x5d2</size>
         <input_file_ref idref="fl-3"/>
      </object_component>
      <object_component id="oc-35f">
         <name>.debug_info</name>
         <load_address>0xf874</load_address>
         <run_address>0xf874</run_address>
         <size>0x365</size>
         <input_file_ref idref="fl-3"/>
      </object_component>
      <object_component id="oc-34b">
         <name>.debug_info</name>
         <load_address>0xfbd9</load_address>
         <run_address>0xfbd9</run_address>
         <size>0x25b</size>
         <input_file_ref idref="fl-3"/>
      </object_component>
      <object_component id="oc-350">
         <name>.debug_info</name>
         <load_address>0xfe34</load_address>
         <run_address>0xfe34</run_address>
         <size>0x13d</size>
         <input_file_ref idref="fl-3"/>
      </object_component>
      <object_component id="oc-346">
         <name>.debug_info</name>
         <load_address>0xff71</load_address>
         <run_address>0xff71</run_address>
         <size>0x76</size>
         <input_file_ref idref="fl-3"/>
      </object_component>
      <object_component id="oc-1f6">
         <name>.debug_info</name>
         <load_address>0xffe7</load_address>
         <run_address>0xffe7</run_address>
         <size>0x2e4</size>
         <input_file_ref idref="fl-3"/>
      </object_component>
      <object_component id="oc-35a">
         <name>.debug_info</name>
         <load_address>0x102cb</load_address>
         <run_address>0x102cb</run_address>
         <size>0x2d5</size>
         <input_file_ref idref="fl-3"/>
      </object_component>
      <object_component id="oc-1f5">
         <name>.debug_info</name>
         <load_address>0x105a0</load_address>
         <run_address>0x105a0</run_address>
         <size>0x5db</size>
         <input_file_ref idref="fl-3"/>
      </object_component>
      <object_component id="oc-b6">
         <name>.debug_info</name>
         <load_address>0x10b7b</load_address>
         <run_address>0x10b7b</run_address>
         <size>0x1a13</size>
         <input_file_ref idref="fl-3"/>
      </object_component>
      <object_component id="oc-2df">
         <name>.debug_info</name>
         <load_address>0x1258e</load_address>
         <run_address>0x1258e</run_address>
         <size>0x2af</size>
         <input_file_ref idref="fl-3"/>
      </object_component>
      <object_component id="oc-15a">
         <name>.debug_info</name>
         <load_address>0x1283d</load_address>
         <run_address>0x1283d</run_address>
         <size>0x5d5</size>
         <input_file_ref idref="fl-3"/>
      </object_component>
      <object_component id="oc-2d5">
         <name>.debug_info</name>
         <load_address>0x12e12</load_address>
         <run_address>0x12e12</run_address>
         <size>0x4c2</size>
         <input_file_ref idref="fl-3"/>
      </object_component>
      <object_component id="oc-14f">
         <name>.debug_info</name>
         <load_address>0x132d4</load_address>
         <run_address>0x132d4</run_address>
         <size>0x4c2</size>
         <input_file_ref idref="fl-3"/>
      </object_component>
      <object_component id="oc-444">
         <name>.debug_info</name>
         <load_address>0x13796</load_address>
         <run_address>0x13796</run_address>
         <size>0x239</size>
         <input_file_ref idref="fl-3"/>
      </object_component>
      <object_component id="oc-449">
         <name>.debug_info</name>
         <load_address>0x139cf</load_address>
         <run_address>0x139cf</run_address>
         <size>0x20d</size>
         <input_file_ref idref="fl-3"/>
      </object_component>
      <object_component id="oc-54">
         <name>.debug_info</name>
         <load_address>0x13bdc</load_address>
         <run_address>0x13bdc</run_address>
         <size>0x1a5</size>
         <input_file_ref idref="fl-3"/>
      </object_component>
      <object_component id="oc-4c5">
         <name>.debug_info</name>
         <load_address>0x13d81</load_address>
         <run_address>0x13d81</run_address>
         <size>0x46a</size>
         <input_file_ref idref="fl-3"/>
      </object_component>
      <object_component id="oc-3d2">
         <name>.debug_info</name>
         <load_address>0x141eb</load_address>
         <run_address>0x141eb</run_address>
         <size>0x105</size>
         <input_file_ref idref="fl-3"/>
      </object_component>
      <object_component id="oc-1e6">
         <name>.debug_info</name>
         <load_address>0x142f0</load_address>
         <run_address>0x142f0</run_address>
         <size>0xf0</size>
         <input_file_ref idref="fl-3"/>
      </object_component>
      <object_component id="oc-4c0">
         <name>.debug_info</name>
         <load_address>0x143e0</load_address>
         <run_address>0x143e0</run_address>
         <size>0x323</size>
         <input_file_ref idref="fl-3"/>
      </object_component>
      <object_component id="oc-1d9">
         <name>.debug_info</name>
         <load_address>0x14703</load_address>
         <run_address>0x14703</run_address>
         <size>0x932</size>
         <input_file_ref idref="fl-3"/>
      </object_component>
      <object_component id="oc-1e0">
         <name>.debug_info</name>
         <load_address>0x15035</load_address>
         <run_address>0x15035</run_address>
         <size>0x1a4</size>
         <input_file_ref idref="fl-3"/>
      </object_component>
      <object_component id="oc-188">
         <name>.debug_info</name>
         <load_address>0x151d9</load_address>
         <run_address>0x151d9</run_address>
         <size>0x154</size>
         <input_file_ref idref="fl-3"/>
      </object_component>
      <object_component id="oc-b3">
         <name>.debug_info</name>
         <load_address>0x1532d</load_address>
         <run_address>0x1532d</run_address>
         <size>0x1172</size>
         <input_file_ref idref="fl-3"/>
      </object_component>
[...]
      </symbol>
      <symbol id="sm-1067">
         <name>_mpuSetRegion_</name>
         <value>0x119c4</value>
         <object_component_ref idref="oc-121"/>
      </symbol>
      <symbol id="sm-1068">
         <name>ja_fp_restore</name>
         <value>0xfcd8</value>
         <object_component_ref idref="oc-8c"/>
      </symbol>
      <symbol id="sm-1069">
         <name>ja_fp_save</name>
         <value>0xfc14</value>
         <object_component_ref idref="oc-8c"/>
      </symbol>
      <symbol id="sm-106a">
         <name>ja_fp_init</name>
         <value>0xfd9c</value>
         <object_component_ref idref="oc-8c"/>
      </symbol>
      <symbol id="sm-106b">
         <name>_disable_IRQ_interrupt_</name>
         <value>0x11fc4</value>
         <object_component_ref idref="oc-5a"/>
      </symbol>
      <symbol id="sm-106c">
         <name>_disable_interrupt_</name>
         <value>0x11fdc</value>
         <object_component_ref idref="oc-5a"/>
      </symbol>
      <symbol id="sm-106d">
         <name>_enable_interrupt_</name>
         <value>0x11fd4</value>
         <object_component_ref idref="oc-5a"/>
      </symbol>
      <symbol id="sm-106e">
         <name>_get_cspr_</name>
         <value>0x11fe4</value>
         <object_component_ref idref="oc-5a"/>
      </symbol>
      <symbol id="sm-106f">
         <name>_enable_IRQ_interrupt_</name>
         <value>0x11fcc</value>
         <object_component_ref idref="oc-5a"/>
      </symbol>
      <symbol id="sm-1070">
         <name>defaultint</name>
         <value>0x11fc0</value>
         <object_component_ref idref="oc-5a"/>
      </symbol>
      <symbol id="sm-11f7">
         <name>system_time_low</name>
         <value>0x800b75c</value>
         <object_component_ref idref="oc-284"/>
      </symbol>
      <symbol id="sm-11f8">
         <name>system_time_high</name>
         <value>0x800b760</value>
         <object_component_ref idref="oc-284"/>
      </symbol>
      <symbol id="sm-11f9">
         <name>rtiEnableNotification</name>
         <value>0xe1e8</value>
         <object_component_ref idref="oc-113"/>
      </symbol>
      <symbol id="sm-11fa">
         <name>rtiSetPeriod</name>
         <value>0xe0f8</value>
         <object_component_ref idref="oc-113"/>
      </symbol>
      <symbol id="sm-11fb">
         <name>ja_calendar_time</name>
         <value>0xe278</value>
         <object_component_ref idref="oc-113"/>
      </symbol>
      <symbol id="sm-11fc">
         <name>rtiGetCurrentTick</name>
         <value>0xe150</value>
         <object_component_ref idref="oc-113"/>
      </symbol>
      <symbol id="sm-11fd">
         <name>rti_eoi</name>
         <value>0xdefc</value>
         <object_component_ref idref="oc-113"/>
      </symbol>
      <symbol id="sm-11fe">
         <name>ja_system_time</name>
         <value>0xe214</value>
         <object_component_ref idref="oc-113"/>
      </symbol>
      <symbol id="sm-11ff">
         <name>init_rti</name>
         <value>0xdf0c</value>
         <object_component_ref idref="oc-113"/>
      </symbol>
      <symbol id="sm-1200">
         <name>rtiStopCounter</name>
         <value>0xe05c</value>
         <object_component_ref idref="oc-113"/>
      </symbol>
      <symbol id="sm-1201">
         <name>ja_bsp_process_timer</name>
         <value>0xe29c</value>
         <object_component_ref idref="oc-113"/>
      </symbol>
      <symbol id="sm-1202">
         <name>rtiStartCounter</name>
         <value>0xe02c</value>
         <object_component_ref idref="oc-113"/>
      </symbol>
      <symbol id="sm-1203">
         <name>rtiGetPeriod</name>
         <value>0xe124</value>
         <object_component_ref idref="oc-113"/>
      </symbol>
      <symbol id="sm-1204">
         <name>rtiResetCounter</name>
         <value>0xe08c</value>
         <object_component_ref idref="oc-113"/>
      </symbol>
      <symbol id="sm-1205">
         <name>bsp_soft_reset</name>
         <value>0xd94c</value>
         <object_component_ref idref="oc-91"/>
      </symbol>
      <symbol id="sm-1206">
         <name>ja_bsp_init</name>
         <value>0xd8a0</value>
         <object_component_ref idref="oc-91"/>
      </symbol>
      <symbol id="sm-1207">
         <name>pok_bsp_get_info</name>
         <value>0xd938</value>
         <object_component_ref idref="oc-91"/>
      </symbol>
      <symbol id="sm-1208">
         <name>vimChannelMap</name>
         <value>0xe374</value>
         <object_component_ref idref="oc-10d"/>
      </symbol>
      <symbol id="sm-1209">
         <name>vimEnableInterrupt</name>
         <value>0xe418</value>
         <object_component_ref idref="oc-10d"/>
      </symbol>
      <symbol id="sm-120a">
         <name>vimDisableInterrupt</name>
         <value>0xe5e0</value>
         <object_component_ref idref="oc-10d"/>
      </symbol>
      <symbol id="sm-120b">
         <name>init_vim</name>
         <value>0xe690</value>
         <object_component_ref idref="oc-10d"/>
      </symbol>
      <symbol id="sm-120c">
         <name>vimECCErrorHandler</name>
         <value>0xe68c</value>
         <object_component_ref idref="oc-10d"/>
      </symbol>
      <symbol id="sm-120d">
         <name>ja_stream_default_read</name>
         <value>0x800bef8</value>
         <object_component_ref idref="oc-1fe"/>
      </symbol>
      <symbol id="sm-120e">
         <name>arm_stream_main</name>
         <value>0x800bf5c</value>
         <object_component_ref idref="oc-3e4"/>
      </symbol>
      <symbol id="sm-120f">
         <name>ja_stream_default_write_debug</name>
         <value>0x800bf04</value>
         <object_component_ref idref="oc-1fe"/>
      </symbol>
      <symbol id="sm-1210">
         <name>arm_stream_debug</name>
         <value>0x800bf50</value>
         <object_component_ref idref="oc-3e7"/>
      </symbol>
      <symbol id="sm-1211">
         <name>ja_stream_default_read_debug</name>
         <value>0x800bf00</value>
         <object_component_ref idref="oc-1fe"/>
      </symbol>
      <symbol id="sm-1212">
         <name>ja_stream_default_write</name>
         <value>0x800befc</value>
         <object_component_ref idref="oc-1fe"/>
      </symbol>
      <symbol id="sm-1213">
         <name>serial_write</name>
         <value>0x10090</value>
         <object_component_ref idref="oc-106"/>
      </symbol>
      <symbol id="sm-1214">
         <name>init_serial</name>
         <value>0xff9c</value>
         <object_component_ref idref="oc-106"/>
      </symbol>
      <symbol id="sm-1215">
         <name>serial_put_byte</name>
         <value>0x10064</value>
         <object_component_ref idref="oc-106"/>
      </symbol>
      <symbol id="sm-121e">
         <name>unreachable</name>
         <value>0x12050</value>
         <object_component_ref idref="oc-16a"/>
      </symbol>
      <symbol id="sm-121f">
         <name>__builtin_unreachable</name>
         <value>0x12054</value>
         <object_component_ref idref="oc-16a"/>
      </symbol>
      <symbol id="sm-1220">
         <name>printf_debug</name>
         <value>0x1204c</value>
         <object_component_ref idref="oc-16a"/>
      </symbol>
      <symbol id="sm-122b">
         <name>pok_elf_sizes</name>
         <value>0x800bfb4</value>
         <object_component_ref idref="oc-2d1"/>
      </symbol>
      <symbol id="sm-12cb">
         <name>pok_channels_sampling</name>
         <value>0x8008000</value>
      </symbol>
      <symbol id="sm-12cc">
         <name>jet_memory_blocks</name>
         <value>0x8008000</value>
      </symbol>
      <symbol id="sm-12cd">
         <name>pok_channels_queuing_n</name>
         <value>0x800bf68</value>
         <object_component_ref idref="oc-12c"/>
      </symbol>
      <symbol id="sm-12ce">
         <name>jet_memory_blocks_n</name>
         <value>0x800bf6c</value>
         <object_component_ref idref="oc-12c"/>
      </symbol>
      <symbol id="sm-12cf">
         <name>ja_spaces</name>
         <value>0x800b960</value>
         <object_component_ref idref="oc-12f"/>
      </symbol>
      <symbol id="sm-12d0">
         <name>pok_hm_module_selector</name>
         <value>0x800bf08</value>
         <object_component_ref idref="oc-400"/>
      </symbol>
      <symbol id="sm-12d1">
         <name>pok_hm_module_table</name>
         <value>0x800bd38</value>
         <object_component_ref idref="oc-403"/>
      </symbol>
      <symbol id="sm-12d2">
         <name>pok_config_scheduling_major_frame</name>
         <value>0x126c0</value>
         <object_component_ref idref="oc-193"/>
      </symbol>
      <symbol id="sm-12d3">
         <name>pok_partitions_arinc_n</name>
         <value>0x126b8</value>
         <object_component_ref idref="oc-193"/>
      </symbol>
      <symbol id="sm-12d4">
         <name>partition_monitor</name>
         <value>0x800bcc8</value>
         <object_component_ref idref="oc-1bd"/>
      </symbol>
      <symbol id="sm-12d5">
         <name>pok_module_sched</name>
         <value>0x12650</value>
         <object_component_ref idref="oc-1e2"/>
      </symbol>
      <symbol id="sm-12d6">
         <name>pok_partitions_arinc</name>
         <value>0x800b770</value>
         <object_component_ref idref="oc-196"/>
      </symbol>
      <symbol id="sm-12d7">
         <name>pok_channels_queuing</name>
         <value>0x800be68</value>
         <object_component_ref idref="oc-1ee"/>
      </symbol>
      <symbol id="sm-12d8">
         <name>pok_module_sched_n</name>
         <value>0x126b9</value>
         <object_component_ref idref="oc-193"/>
      </symbol>
      <symbol id="sm-12d9">
         <name>ja_spaces_n</name>
         <value>0x800bf70</value>
         <object_component_ref idref="oc-12c"/>
      </symbol>
      <symbol id="sm-12da">
         <name>pok_channels_sampling_n</name>
         <value>0x800bf69</value>
         <object_component_ref idref="oc-12c"/>
      </symbol>
      <symbol id="sm-12e8">
         <name>__aeabi_ldivmod</name>
         <value>0x113a8</value>
         <object_component_ref idref="oc-27f"/>
      </symbol>
      <symbol id="sm-1304">
         <name>__aeabi_uldivmod</name>
         <value>0xf24c</value>
         <object_component_ref idref="oc-2a4"/>
      </symbol>
      <symbol id="sm-1310">
         <name>__aeabi_idivmod</name>
         <value>0x11d6c</value>
         <object_component_ref idref="oc-1a6"/>
      </symbol>
      <symbol id="sm-1311">
         <name>__aeabi_idiv</name>
         <value>0x11d6c</value>
         <object_component_ref idref="oc-1a6"/>
      </symbol>
      <symbol id="sm-133a">
         <name>__TI_auto_init_nobinit_nopinit</name>
         <value>0x119e8</value>
         <object_component_ref idref="oc-246"/>
      </symbol>
      <symbol id="sm-1352">
         <name>__TI_zero_init</name>
         <value>0x1203c</value>
         <object_component_ref idref="oc-47"/>
      </symbol>
      <symbol id="sm-1369">
         <name>__TI_decompress_none</name>
         <value>0x12028</value>
         <object_component_ref idref="oc-14"/>
      </symbol>
      <symbol id="sm-138c">
         <name>__TI_decompress_lzss</name>
         <value>0x11560</value>
         <object_component_ref idref="oc-e"/>
      </symbol>
      <symbol id="sm-13a2">
         <name>C$$EXIT</name>
         <value>0x12058</value>
         <object_component_ref idref="oc-2f8"/>
      </symbol>
      <symbol id="sm-13a3">
         <name>abort</name>
         <value>0x12058</value>
         <object_component_ref idref="oc-2f8"/>
      </symbol>
      <symbol id="sm-13a4">
         <name>__TI_dtors_ptr</name>
         <value>0x800bf3c</value>
         <object_component_ref idref="oc-553"/>
      </symbol>
      <symbol id="sm-13a5">
         <name>__TI_cleanup_ptr</name>
         <value>0x800bf38</value>
         <object_component_ref idref="oc-553"/>
      </symbol>
      <symbol id="sm-13a6">
         <name>__TI_enable_exit_profile_output</name>
         <value>0x800bf40</value>
         <object_component_ref idref="oc-553"/>
      </symbol>
      <symbol id="sm-13bb">
         <name>_nop</name>
         <value>0x12060</value>
         <object_component_ref idref="oc-517"/>
      </symbol>
      <symbol id="sm-13bc">
         <name>_lock</name>
         <value>0x800bf98</value>
         <object_component_ref idref="oc-472"/>
      </symbol>
      <symbol id="sm-13bd">
         <name>_unlock</name>
         <value>0x800bf9c</value>
         <object_component_ref idref="oc-472"/>
      </symbol>
      <symbol id="sm-13d1">
         <name>_abort_msg</name>
         <value>0x11fec</value>
         <object_component_ref idref="oc-175"/>
      </symbol>
      <symbol id="sm-13e6">
         <name>__TI_tmpnams</name>
         <value>0x800b618</value>
      </symbol>
      <symbol id="sm-13e7">
         <name>__aeabi_stdout</name>
         <value>0x800bf30</value>
         <object_component_ref idref="oc-477"/>
      </symbol>
      <symbol id="sm-13e8">
         <name>__aeabi_stderr</name>
         <value>0x800bf34</value>
         <object_component_ref idref="oc-477"/>
      </symbol>
      <symbol id="sm-13e9">
         <name>__aeabi_stdin</name>
         <value>0x800bf2c</value>
         <object_component_ref idref="oc-477"/>
      </symbol>
      <symbol id="sm-13ea">
         <name>_ftable</name>
         <value>0x800ba60</value>
         <object_component_ref idref="oc-2fe"/>
      </symbol>
      <symbol id="sm-13eb">
         <name>__TI_ft_end</name>
         <value>0x800bf28</value>
         <object_component_ref idref="oc-477"/>
      </symbol>
      <symbol id="sm-140c">
         <name>__TI_doflush</name>
         <value>0x115f0</value>
         <object_component_ref idref="oc-466"/>
      </symbol>
      <symbol id="sm-140d">
         <name>fflush</name>
         <value>0x10f40</value>
         <object_component_ref idref="oc-2f2"/>
      </symbol>
      <symbol id="sm-1429">
         <name>fputs</name>
         <value>0xfdf8</value>
         <object_component_ref idref="oc-2ec"/>
      </symbol>
      <symbol id="sm-144f">
         <name>_stream</name>
         <value>0x800be18</value>
         <object_component_ref idref="oc-512"/>
      </symbol>
      <symbol id="sm-1450">
         <name>_device</name>
         <value>0x800bbe0</value>
         <object_component_ref idref="oc-567"/>
      </symbol>
      <symbol id="sm-1451">
         <name>write</name>
         <value>0x11f7c</value>
         <object_component_ref idref="oc-46c"/>
      </symbol>
      <symbol id="sm-145b">
         <name>__aeabi_idiv0</name>
         <value>0x12064</value>
         <object_component_ref idref="oc-375"/>
      </symbol>
      <symbol id="sm-145c">
         <name>__aeabi_ldiv0</name>
         <value>0x12064</value>
         <object_component_ref idref="oc-375"/>
      </symbol>
      <symbol id="sm-1473">
         <name>__TI_wrt_ok</name>
         <value>0x11138</value>
         <object_component_ref idref="oc-45a"/>
      </symbol>
      <symbol id="sm-1485">
         <name>fseek</name>
         <value>0x10fec</value>
         <object_component_ref idref="oc-501"/>
      </symbol>
      <symbol id="sm-1495">
         <name>lseek</name>
         <value>0x11ef4</value>
         <object_component_ref idref="oc-53f"/>
      </symbol>
      <symbol id="sm-14af">
         <name>setvbuf</name>
         <value>0x10590</value>
         <object_component_ref idref="oc-507"/>
      </symbol>
      <symbol id="sm-14c0">
         <name>HOSTclose</name>
         <value>0x11674</value>
         <object_component_ref idref="oc-5aa"/>
      </symbol>
      <symbol id="sm-14d1">
         <name>HOSTlseek</name>
         <value>0x10e94</value>
         <object_component_ref idref="oc-5bc"/>
      </symbol>
      <symbol id="sm-14e3">
         <name>parmbuf</name>
         <value>0x800b764</value>
      </symbol>
      <symbol id="sm-14e4">
         <name>HOSTopen</name>
         <value>0x11278</value>
         <object_component_ref idref="oc-5a4"/>
      </symbol>
      <symbol id="sm-14f5">
         <name>HOSTread</name>
         <value>0x11440</value>
         <object_component_ref idref="oc-5b0"/>
      </symbol>
      <symbol id="sm-1506">
         <name>HOSTrename</name>
         <value>0x11094</value>
         <object_component_ref idref="oc-5c8"/>
      </symbol>
      <symbol id="sm-1517">
         <name>HOSTunlink</name>
         <value>0x116e8</value>
         <object_component_ref idref="oc-5c2"/>
      </symbol>
      <symbol id="sm-1528">
         <name>HOSTwrite</name>
         <value>0x114d0</value>
         <object_component_ref idref="oc-5b6"/>
      </symbol>
      <symbol id="sm-154b">
         <name>__TI_readmsg</name>
         <value>0x11c1c</value>
         <object_component_ref idref="oc-5f0"/>
      </symbol>
      <symbol id="sm-154c">
         <name>C$$IO$$</name>
         <value>0x11cb8</value>
         <object_component_ref idref="oc-5ea"/>
      </symbol>
      <symbol id="sm-154d">
         <name>__CIOBUF_</name>
         <value>0x800b4f8</value>
         <object_component_ref idref="oc-618"/>
      </symbol>
      <symbol id="sm-154e">
         <name>__TI_writemsg</name>
         <value>0x11c70</value>
         <object_component_ref idref="oc-5ea"/>
      </symbol>
      <symbol id="sm-15c2">
         <name>_sys_memory</name>
         <value>0x12708</value>
         <object_component_ref idref="oc-26"/>
      </symbol>
      <symbol id="sm-15c3">
         <name>free</name>
         <value>0x102bc</value>
         <object_component_ref idref="oc-547"/>
      </symbol>
      <symbol id="sm-15c4">
         <name>malloc</name>
         <value>0x10c4c</value>
         <object_component_ref idref="oc-54d"/>
      </symbol>
      <symbol id="sm-15c5">
         <name>minit</name>
         <value>0x11b14</value>
         <object_component_ref idref="oc-580"/>
      </symbol>
      <symbol id="sm-15d4">
         <name>__TI_cleanup</name>
         <value>0x11bc8</value>
         <object_component_ref idref="oc-556"/>
      </symbol>
      <symbol id="sm-15e3">
         <name>strcpy</name>
         <value>0x12010</value>
         <object_component_ref idref="oc-604"/>
      </symbol>
      <symbol id="sm-15f8">
         <name>__TI_closefile</name>
         <value>0x10ddc</value>
         <object_component_ref idref="oc-59b"/>
      </symbol>
      <symbol id="sm-161f">
         <name>finddevice</name>
         <value>0x11d18</value>
         <object_component_ref idref="oc-630"/>
      </symbol>
      <symbol id="sm-1620">
         <name>getdevice</name>
         <value>0x11838</value>
         <object_component_ref idref="oc-60e"/>
      </symbol>
      <symbol id="sm-1631">
         <name>unlink</name>
         <value>0x11eac</value>
         <object_component_ref idref="oc-5e1"/>
      </symbol>
      <symbol id="sm-1645">
         <name>close</name>
         <value>0x11310</value>
         <object_component_ref idref="oc-5db"/>
      </symbol>
      <symbol id="sm-1646">
         <name>__TI_static_base__</name>
         <value>0x0</value>
      </symbol>
      <symbol id="sm-1649">
         <name>_system_post_cinit</name>
         <value>0x0</value>
      </symbol>
      <symbol id="sm-164a">
         <name>remove</name>
         <value>0x11eac</value>
      </symbol>
   </symbol_table>
   <title>Link successful</title>
</link_info>
